[    0.000000] Initializing cgroup subsys cpuset
[    0.000000] Initializing cgroup subsys cpu
[    0.000000] Initializing cgroup subsys cpuacct
[    0.000000] Linux version 4.4.0-210-generic (buildd@lgw01-amd64-009) (gcc version 5.4.0 20160609 (Ubuntu 5.4.0-6ubuntu1~16.04.12) ) #242-Ubuntu SMP Fri Apr 16 09:57:56 UTC 2021 (Ubuntu 4.4.0-210.242-generic 4.4.262)
[    0.000000] Command line: BOOT_IMAGE=/boot/vmlinuz-4.4.0-210-generic root=LABEL=cloudimg-rootfs ro console=tty1 console=ttyS0
[    0.000000] KERNEL supported cpus:
[    0.000000]   Intel GenuineIntel
[    0.000000]   AMD AuthenticAMD
[    0.000000]   Centaur CentaurHauls
[    0.000000] x86/fpu: xstate_offset[2]:  576, xstate_sizes[2]:  256
[    0.000000] x86/fpu: Supporting XSAVE feature 0x01: 'x87 floating point registers'
[    0.000000] x86/fpu: Supporting XSAVE feature 0x02: 'SSE registers'
[    0.000000] x86/fpu: Supporting XSAVE feature 0x04: 'AVX registers'
[    0.000000] x86/fpu: Enabled xstate features 0x7, context size is 832 bytes, using 'standard' format.
[    0.000000] e820: BIOS-provided physical RAM map:
[    0.000000] BIOS-e820: [mem 0x0000000000000000-0x000000000009fbff] usable
[    0.000000] BIOS-e820: [mem 0x000000000009fc00-0x000000000009ffff] reserved
[    0.000000] BIOS-e820: [mem 0x00000000000f0000-0x00000000000fffff] reserved
[    0.000000] BIOS-e820: [mem 0x0000000000100000-0x000000003ffeffff] usable
[    0.000000] BIOS-e820: [mem 0x000000003fff0000-0x000000003fffffff] ACPI data
[    0.000000] BIOS-e820: [mem 0x00000000fec00000-0x00000000fec00fff] reserved
[    0.000000] BIOS-e820: [mem 0x00000000fee00000-0x00000000fee00fff] reserved
[    0.000000] BIOS-e820: [mem 0x00000000fffc0000-0x00000000ffffffff] reserved
[    0.000000] NX (Execute Disable) protection: active
[    0.000000] SMBIOS 2.5 present.
[    0.000000] Hypervisor detected: KVM
[    0.000000] e820: last_pfn = 0x3fff0 max_arch_pfn = 0x400000000
[    0.000000] MTRR: Disabled
[    0.000000] x86/PAT: MTRRs disabled, skipping PAT initialization too.
[    0.000000] CPU MTRRs all blank - virtualized system.
[    0.000000] x86/PAT: Configuration [0-7]: WB  WT  UC- UC  WB  WT  UC- UC  
[    0.000000] found SMP MP-table at [mem 0x0009fff0-0x0009ffff] mapped at [ffff88000009fff0]
[    0.000000] Scanning 1 areas for low memory corruption
[    0.000000] RAMDISK: [mem 0x362dc000-0x37165fff]
[    0.000000] ACPI: Early table checksum verification disabled
[    0.000000] ACPI: RSDP 0x00000000000E0000 000024 (v02 VBOX  )
[    0.000000] ACPI: XSDT 0x000000003FFF0030 00003C (v01 VBOX   VBOXXSDT 00000001 ASL  00000061)
[    0.000000] ACPI: FACP 0x000000003FFF00F0 0000F4 (v04 VBOX   VBOXFACP 00000001 ASL  00000061)
[    0.000000] ACPI: DSDT 0x000000003FFF0470 002325 (v02 VBOX   VBOXBIOS 00000002 INTL 20120111)
[    0.000000] ACPI: FACS 0x000000003FFF0200 000040
[    0.000000] ACPI: FACS 0x000000003FFF0200 000040
[    0.000000] ACPI: APIC 0x000000003FFF0240 00005C (v02 VBOX   VBOXAPIC 00000001 ASL  00000061)
[    0.000000] ACPI: SSDT 0x000000003FFF02A0 0001CC (v01 VBOX   VBOXCPUT 00000002 INTL 20120111)
[    0.000000] No NUMA configuration found
[    0.000000] Faking a node at [mem 0x0000000000000000-0x000000003ffeffff]
[    0.000000] NODE_DATA(0) allocated [mem 0x3ffeb000-0x3ffeffff]
[    0.000000] kvm-clock: Using msrs 4b564d01 and 4b564d00
[    0.000000] kvm-clock: cpu 0, msr 0:3ffe3001, primary cpu clock
[    0.000000] kvm-clock: using sched offset of 4031919685 cycles
[    0.000000] clocksource: kvm-clock: mask: 0xffffffffffffffff max_cycles: 0x1cd42e4dffb, max_idle_ns: 881590591483 ns
[    0.000000] Zone ranges:
[    0.000000]   DMA      [mem 0x0000000000001000-0x0000000000ffffff]
[    0.000000]   DMA32    [mem 0x0000000001000000-0x000000003ffeffff]
[    0.000000]   Normal   empty
[    0.000000]   Device   empty
[    0.000000] Movable zone start for each node
[    0.000000] Early memory node ranges
[    0.000000]   node   0: [mem 0x0000000000001000-0x000000000009efff]
[    0.000000]   node   0: [mem 0x0000000000100000-0x000000003ffeffff]
[    0.000000] Initmem setup node 0 [mem 0x0000000000001000-0x000000003ffeffff]
[    0.000000] ACPI: PM-Timer IO Port: 0x4008
[    0.000000] IOAPIC[0]: apic_id 2, version 32, address 0xfec00000, GSI 0-23
[    0.000000] ACPI: INT_SRC_OVR (bus 0 bus_irq 0 global_irq 2 dfl dfl)
[    0.000000] ACPI: INT_SRC_OVR (bus 0 bus_irq 9 global_irq 9 low level)
[    0.000000] Using ACPI (MADT) for SMP configuration information
[    0.000000] smpboot: Allowing 2 CPUs, 0 hotplug CPUs
[    0.000000] PM: Registered nosave memory: [mem 0x00000000-0x00000fff]
[    0.000000] PM: Registered nosave memory: [mem 0x0009f000-0x0009ffff]
[    0.000000] PM: Registered nosave memory: [mem 0x000a0000-0x000effff]
[    0.000000] PM: Registered nosave memory: [mem 0x000f0000-0x000fffff]
[    0.000000] e820: [mem 0x40000000-0xfebfffff] available for PCI devices
[    0.000000] Booting paravirtualized kernel on KVM
[    0.000000] clocksource: refined-jiffies: mask: 0xffffffff max_cycles: 0xffffffff, max_idle_ns: 7645519600211568 ns
[    0.000000] setup_percpu: NR_CPUS:512 nr_cpumask_bits:512 nr_cpu_ids:2 nr_node_ids:1
[    0.000000] PERCPU: Embedded 33 pages/cpu @ffff88003fc00000 s95192 r8192 d31784 u1048576
[    0.000000] Built 1 zonelists in Node order, mobility grouping on.  Total pages: 257912
[    0.000000] Policy zone: DMA32
[    0.000000] Kernel command line: BOOT_IMAGE=/boot/vmlinuz-4.4.0-210-generic root=LABEL=cloudimg-rootfs ro console=tty1 console=ttyS0
[    0.000000] PID hash table entries: 4096 (order: 3, 32768 bytes)
[    0.000000] Memory: 997792K/1048120K available (8644K kernel code, 1332K rwdata, 4044K rodata, 1492K init, 1164K bss, 50328K reserved, 0K cma-reserved)
[    0.000000] SLUB: HWalign=64, Order=0-3, MinObjects=0, CPUs=2, Nodes=1
[    0.000000] Kernel/User page tables isolation: enabled
[    0.000000] Hierarchical RCU implementation.
[    0.000000] 	Build-time adjustment of leaf fanout to 64.
[    0.000000] 	RCU restricting CPUs from NR_CPUS=512 to nr_cpu_ids=2.
[    0.000000] RCU: Adjusting geometry for rcu_fanout_leaf=64, nr_cpu_ids=2
[    0.000000] NR_IRQS:33024 nr_irqs:440 16
[    0.000000] Console: colour VGA+ 80x25
[    0.000000] console [tty1] enabled
[    0.000000] console [ttyS0] enabled
[    0.000000] tsc: Detected 2494.226 MHz processor
[    0.377146] Calibrating delay loop (skipped) preset value.. 4988.45 BogoMIPS (lpj=9976904)
[    0.381187] pid_max: default: 32768 minimum: 301
[    0.384676] ACPI: Core revision 20150930
[    0.387866] ACPI: 2 ACPI AML tables successfully acquired and loaded
[    0.390149] Security Framework initialized
[    0.391336] Yama: becoming mindful.
[    0.392447] AppArmor: AppArmor initialized
[    0.396051] Dentry cache hash table entries: 131072 (order: 8, 1048576 bytes)
[    0.401065] Inode-cache hash table entries: 65536 (order: 7, 524288 bytes)
[    0.403330] Mount-cache hash table entries: 2048 (order: 2, 16384 bytes)
[    0.406054] Mountpoint-cache hash table entries: 2048 (order: 2, 16384 bytes)
[    0.412815] Initializing cgroup subsys io
[    0.414722] Initializing cgroup subsys memory
[    0.416757] Initializing cgroup subsys devices
[    0.418060] Initializing cgroup subsys freezer
[    0.420207] Initializing cgroup subsys net_cls
[    0.424019] Initializing cgroup subsys perf_event
[    0.426334] Initializing cgroup subsys net_prio
[    0.429098] Initializing cgroup subsys hugetlb
[    0.430766] Initializing cgroup subsys pids
[    0.440409] mce: CPU supports 0 MCE banks
[    0.442866] Last level iTLB entries: 4KB 1024, 2MB 1024, 4MB 1024
[    0.447114] Last level dTLB entries: 4KB 1024, 2MB 1024, 4MB 1024, 1GB 4
[    0.452523] Spectre V1 : Mitigation: usercopy/swapgs barriers and __user pointer sanitization
[    0.456314] Spectre V2 : Mitigation: Full generic retpoline
[    0.458484] Spectre V2 : Spectre v2 / SpectreRSB mitigation: Filling RSB on context switch
[    0.465423] Speculative Store Bypass: Vulnerable
[    0.467722] SRBDS: Unknown: Dependent on hypervisor status
[    0.471846] MDS: Mitigation: Clear CPU buffers
[    0.477636] Freeing SMP alternatives memory: 36K
[    0.486489] ftrace: allocating 32380 entries in 127 pages
[    0.568420] smpboot: APIC(0) Converting physical 0 to logical package 0
[    0.570929] smpboot: Max logical packages: 1
[    0.573885] x2apic enabled
[    0.575331] Switched APIC routing to physical x2apic.
[    0.579744] ..TIMER: vector=0x30 apic1=0 pin1=2 apic2=-1 pin2=-1
[    0.689797] smpboot: CPU0: Intel(R) Core(TM) i7-4870HQ CPU @ 2.50GHz (family: 0x6, model: 0x46, stepping: 0x1)
[    0.692346] Performance Events: unsupported p6 CPU model 70 no PMU driver, software events only.
[    0.705814] KVM setup paravirtual spinlock
[    0.708354] x86: Booting SMP configuration:
[    0.709644] .... node  #0, CPUs:      #1
[    0.710880] kvm-clock: cpu 1, msr 0:3ffe3041, secondary cpu clock
[    0.719351] mce: CPU supports 0 MCE banks
[    0.722683] x86: Booted up 1 node, 2 CPUs
[    0.724529] smpboot: Total of 2 processors activated (9976.90 BogoMIPS)
[    0.727434] devtmpfs: initialized
[    0.729813] evm: security.selinux
[    0.731163] evm: security.SMACK64
[    0.732430] evm: security.SMACK64EXEC
[    0.733940] evm: security.SMACK64TRANSMUTE
[    0.734929] evm: security.SMACK64MMAP
[    0.735796] evm: security.ima
[    0.736534] evm: security.capability
[    0.737591] clocksource: jiffies: mask: 0xffffffff max_cycles: 0xffffffff, max_idle_ns: 7645041785100000 ns
[    0.740283] futex hash table entries: 512 (order: 3, 32768 bytes)
[    0.741836] pinctrl core: initialized pinctrl subsystem
[    0.743255] RTC time: 14:39:00, date: 04/20/22
[    0.744598] NET: Registered protocol family 16
[    0.754228] cpuidle: using governor ladder
[    0.766270] cpuidle: using governor menu
[    0.767792] PCCT header not found.
[    0.769388] ACPI: bus type PCI registered
[    0.771089] acpiphp: ACPI Hot Plug PCI Controller Driver version: 0.5
[    0.773037] PCI: Using configuration type 1 for base access
[    0.786947] ACPI: Added _OSI(Module Device)
[    0.788036] ACPI: Added _OSI(Processor Device)
[    0.789311] ACPI: Added _OSI(3.0 _SCP Extensions)
[    0.790963] ACPI: Added _OSI(Processor Aggregator Device)
[    0.793897] ACPI: Executed 1 blocks of module-level executable AML code
[    0.797183] ACPI: Interpreter enabled
[    0.798151] ACPI: (supports S0 S5)
[    0.799163] ACPI: Using IOAPIC for interrupt routing
[    0.801016] PCI: Using host bridge windows from ACPI; if necessary, use "pci=nocrs" and report a bug
[    0.807684] ACPI: PCI Root Bridge [PCI0] (domain 0000 [bus 00-ff])
[    0.809262] acpi PNP0A03:00: _OSC: OS supports [ASPM ClockPM Segments MSI]
[    0.811964] acpi PNP0A03:00: _OSC: not requesting OS control; OS requires [ExtendedConfig ASPM ClockPM MSI]
[    0.814448] acpi PNP0A03:00: fail to add MMCONFIG information, can't access extended PCI configuration space under this bridge.
[    0.817571] PCI host bridge to bus 0000:00
[    0.818576] pci_bus 0000:00: root bus resource [io  0x0000-0x0cf7 window]
[    0.820264] pci_bus 0000:00: root bus resource [io  0x0d00-0xffff window]
[    0.821642] pci_bus 0000:00: root bus resource [mem 0x000a0000-0x000bffff window]
[    0.823628] pci_bus 0000:00: root bus resource [mem 0x40000000-0xfdffffff window]
[    0.825593] pci_bus 0000:00: root bus resource [bus 00-ff]
[    0.829170] pci 0000:00:01.1: legacy IDE quirk: reg 0x10: [io  0x01f0-0x01f7]
[    0.830944] pci 0000:00:01.1: legacy IDE quirk: reg 0x14: [io  0x03f6]
[    0.832379] pci 0000:00:01.1: legacy IDE quirk: reg 0x18: [io  0x0170-0x0177]
[    0.843307] pci 0000:00:01.1: legacy IDE quirk: reg 0x1c: [io  0x0376]
[    0.860153] pci 0000:00:07.0: quirk: [io  0x4000-0x403f] claimed by PIIX4 ACPI
[    0.862002] pci 0000:00:07.0: quirk: [io  0x4100-0x410f] claimed by PIIX4 SMB
[    0.873038] ACPI: PCI Interrupt Link [LNKA] (IRQs 5 9 10 *11)
[    0.874915] ACPI: PCI Interrupt Link [LNKB] (IRQs 5 9 *10 11)
[    0.876961] ACPI: PCI Interrupt Link [LNKC] (IRQs 5 *9 10 11)
[    0.878686] ACPI: PCI Interrupt Link [LNKD] (IRQs 5 9 10 *11)
[    0.880579] ACPI: Enabled 2 GPEs in block 00 to 07
[    0.882026] vgaarb: setting as boot device: PCI:0000:00:02.0
[    0.883503] vgaarb: device added: PCI:0000:00:02.0,decodes=io+mem,owns=io+mem,locks=none
[    0.885614] vgaarb: loaded
[    0.886410] vgaarb: bridge control possible 0000:00:02.0
[    0.888592] SCSI subsystem initialized
[    0.889744] ACPI: bus type USB registered
[    0.890790] usbcore: registered new interface driver usbfs
[    0.892046] usbcore: registered new interface driver hub
[    0.893275] usbcore: registered new device driver usb
[    0.895953] PCI: Using ACPI for IRQ routing
[    0.897432] NetLabel: Initializing
[    0.898368] NetLabel:  domain hash size = 128
[    0.899435] NetLabel:  protocols = UNLABELED CIPSOv4
[    0.900844] NetLabel:  unlabeled traffic allowed by default
[    0.902306] amd_nb: Cannot enumerate AMD northbridges
[    0.903630] clocksource: Switched to clocksource kvm-clock
[    0.912822] AppArmor: AppArmor Filesystem Enabled
[    0.913965] pnp: PnP ACPI init
[    0.916112] pnp: PnP ACPI: found 3 devices
[    0.926390] clocksource: acpi_pm: mask: 0xffffff max_cycles: 0xffffff, max_idle_ns: 2085701024 ns
[    0.928614] NET: Registered protocol family 2
[    0.929922] TCP established hash table entries: 8192 (order: 4, 65536 bytes)
[    0.931591] TCP bind hash table entries: 8192 (order: 5, 131072 bytes)
[    0.933166] TCP: Hash tables configured (established 8192 bind 8192)
[    0.934778] UDP hash table entries: 512 (order: 2, 16384 bytes)
[    0.936097] UDP-Lite hash table entries: 512 (order: 2, 16384 bytes)
[    0.937655] NET: Registered protocol family 1
[    0.938764] pci 0000:00:00.0: Limiting direct PCI/PCI transfers
[    0.940280] pci 0000:00:01.0: Activating ISA DMA hang workarounds
[    0.941933] Unpacking initramfs...
[    1.144058] Freeing initrd memory: 14888K
[    1.145197] clocksource: tsc: mask: 0xffffffffffffffff max_cycles: 0x23f3eb3743e, max_idle_ns: 440795257847 ns
[    1.147723] platform rtc_cmos: registered platform RTC device (no PNP device found)
[    1.149899] Scanning for low memory corruption every 60 seconds
[    1.151550] audit: initializing netlink subsys (disabled)
[    1.152874] audit: type=2000 audit(1650465546.684:1): initialized
[    1.154555] Initialise system trusted keyring
[    1.155880] HugeTLB registered 2 MB page size, pre-allocated 0 pages
[    1.158689] zbud: loaded
[    1.159786] VFS: Disk quotas dquot_6.6.0
[    1.160920] VFS: Dquot-cache hash table entries: 512 (order 0, 4096 bytes)
[    1.163025] squashfs: version 4.0 (2009/01/31) Phillip Lougher
[    1.165127] fuse init (API version 7.23)
[    1.166231] Key type big_key registered
[    1.167158] Allocating IMA MOK and blacklist keyrings.
[    1.169767] Key type asymmetric registered
[    1.170714] Asymmetric key parser 'x509' registered
[    1.171811] Block layer SCSI generic (bsg) driver version 0.4 loaded (major 249)
[    1.173708] io scheduler noop registered
[    1.174730] io scheduler deadline registered (default)
[    1.175974] io scheduler cfq registered
[    1.176941] pci_hotplug: PCI Hot Plug PCI Core version: 0.5
[    1.178482] pciehp: PCI Express Hot Plug Controller Driver version: 0.4
[    1.181067] ACPI: AC Adapter [AC] (on-line)
[    1.182199] input: Power Button as /devices/LNXSYSTM:00/LNXPWRBN:00/input/input0
[    1.184120] ACPI: Power Button [PWRF]
[    1.185351] input: Sleep Button as /devices/LNXSYSTM:00/LNXSLPBN:00/input/input1
[    1.187181] ACPI: Sleep Button [SLPF]
[    1.188423] GHES: HEST is not enabled!
[    1.189571] ACPI: Battery Slot [BAT0] (battery present)
[    1.191022] Serial: 8250/16550 driver, 32 ports, IRQ sharing enabled
[    1.213133] 00:02: ttyS0 at I/O 0x3f8 (irq = 4, base_baud = 115200) is a 16550A
[    1.217497] Linux agpgart interface v0.103
[    1.220080] loop: module loaded
[    1.221365] scsi host0: ata_piix
[    1.222262] scsi host1: ata_piix
[    1.223081] ata1: PATA max UDMA/33 cmd 0x1f0 ctl 0x3f6 bmdma 0xd000 irq 14
[    1.224768] ata2: PATA max UDMA/33 cmd 0x170 ctl 0x376 bmdma 0xd008 irq 15
[    1.226319] libphy: Fixed MDIO Bus: probed
[    1.227291] tun: Universal TUN/TAP device driver, 1.6
[    1.228574] tun: (C) 1999-2004 Max Krasnyansky <maxk@qualcomm.com>
[    1.230631] PPP generic driver version 2.4.2
[    1.231873] ehci_hcd: USB 2.0 'Enhanced' Host Controller (EHCI) Driver
[    1.233285] ehci-pci: EHCI PCI platform driver
[    1.234353] ehci-platform: EHCI generic platform driver
[    1.235647] ohci_hcd: USB 1.1 'Open' Host Controller (OHCI) Driver
[    1.237010] ohci-pci: OHCI PCI platform driver
[    1.238052] ohci-platform: OHCI generic platform driver
[    1.239392] uhci_hcd: USB Universal Host Controller Interface driver
[    1.240832] i8042: PNP: PS/2 Controller [PNP0303:PS2K,PNP0f03:PS2M] at 0x60,0x64 irq 1,12
[    1.243213] serio: i8042 KBD port at 0x60,0x64 irq 1
[    1.244595] serio: i8042 AUX port at 0x60,0x64 irq 12
[    1.245942] mousedev: PS/2 mouse device common for all mice
[    1.247820] input: AT Translated Set 2 keyboard as /devices/platform/i8042/serio0/input/input2
[    1.250415] rtc_cmos rtc_cmos: rtc core: registered rtc_cmos as rtc0
[    1.251993] rtc_cmos rtc_cmos: alarms up to one day, 114 bytes nvram
[    1.253317] i2c /dev entries driver
[    1.254505] device-mapper: uevent: version 1.0.3
[    1.255719] device-mapper: ioctl: 4.34.0-ioctl (2015-10-28) initialised: dm-devel@redhat.com
[    1.257800] ledtrig-cpu: registered to indicate activity on CPUs
[    1.259553] NET: Registered protocol family 10
[    1.260904] NET: Registered protocol family 17
[    1.261916] Key type dns_resolver registered
[    1.263566] registered taskstats version 1
[    1.264665] Loading compiled-in X.509 certificates
[    1.266422] Loaded X.509 cert 'Build time autogenerated kernel key: cf00e047681d67edb2720680708b7d9498083038'
[    1.270480] zswap: loaded using pool lzo/zbud
[    1.274417] Key type trusted registered
[    1.278211] Key type encrypted registered
[    1.279267] AppArmor: AppArmor sha1 policy hashing enabled
[    1.280646] ima: No TPM chip found, activating TPM-bypass!
[    1.282110] ima: Allocated hash algorithm: sha1
[    1.283294] evm: HMAC attrs: 0x1
[    1.284702]   Magic number: 2:109:688
[    1.285888] rtc_cmos rtc_cmos: setting system clock to 2022-04-20 14:39:01 UTC (1650465541)
[    1.287975] BIOS EDD facility v0.16 2004-Jun-25, 0 devices found
[    1.289283] EDD information not available.
[    1.403956] Freeing unused kernel memory: 1492K
[    1.405286] Write protecting the kernel read-only data: 14336k
[    1.407114] Freeing unused kernel memory: 1584K
[    1.408412] Freeing unused kernel memory: 52K
Loading, please wait...
starting version 229
[    1.422334] random: systemd-udevd: uninitialized urandom read (16 bytes read, 2 bits of entropy available)
[    1.422835] random: udevadm: uninitialized urandom read (16 bytes read, 2 bits of entropy available)
[    1.422856] random: udevadm: uninitialized urandom read (16 bytes read, 2 bits of entropy available)
[    1.429638] random: systemd-udevd: uninitialized urandom read (16 bytes read, 2 bits of entropy available)
[    1.430475] random: udevadm: uninitialized urandom read (16 bytes read, 2 bits of entropy available)
[    1.430519] random: udevadm: uninitialized urandom read (16 bytes read, 2 bits of entropy available)
[    1.430780] random: udevadm: uninitialized urandom read (16 bytes read, 2 bits of entropy available)
[    1.430841] random: udevadm: uninitialized urandom read (16 bytes read, 2 bits of entropy available)
[    1.430893] random: udevadm: uninitialized urandom read (16 bytes read, 2 bits of entropy available)
[    1.430942] random: udevadm: uninitialized urandom read (16 bytes read, 2 bits of entropy available)
[    1.481611] e1000: Intel(R) PRO/1000 Network Driver - version 7.3.21-k8-NAPI
[    1.483421] e1000: Copyright (c) 1999-2006 Intel Corporation.
[    1.485974] Fusion MPT base driver 3.04.20
[    1.487570] Copyright (c) 1999-2008 LSI Corporation
[    1.498846] Fusion MPT SPI Host driver 3.04.20
[    1.512776] AVX2 version of gcm_enc/dec engaged.
[    1.514281] AES CTR mode by8 optimization enabled
[    1.698617] input: ImExPS/2 Generic Explorer Mouse as /devices/platform/i8042/serio1/input/input4
[    1.885840] e1000 0000:00:03.0 eth0: (PCI:33MHz:32-bit) 02:be:82:6b:cc:1d
[    1.887500] e1000 0000:00:03.0 eth0: Intel(R) PRO/1000 Network Connection
[    2.274513] e1000 0000:00:08.0 eth1: (PCI:33MHz:32-bit) 08:00:27:5e:c5:22
[    2.276230] e1000 0000:00:08.0 eth1: Intel(R) PRO/1000 Network Connection
[    2.278527] mptbase: ioc0: Initiating bringup
[    2.278974] e1000 0000:00:08.0 enp0s8: renamed from eth1
[    2.289352] e1000 0000:00:03.0 enp0s3: renamed from eth0
[    2.644517] ioc0: LSI53C1030 A0: Capabilities={Initiator}
[    4.092736] scsi host2: ioc0: LSI53C1030 A0, FwRev=00000000h, Ports=1, MaxQ=256, IRQ=20
[    5.046957] scsi 2:0:0:0: Direct-Access     VBOX     HARDDISK         1.0  PQ: 0 ANSI: 5
[    5.049558] scsi target2:0:0: Beginning Domain Validation
[    5.052366] scsi target2:0:0: Domain Validation skipping write tests
[    5.053799] scsi target2:0:0: Ending Domain Validation
[    5.054948] scsi target2:0:0: asynchronous
[    5.056342] scsi 2:0:1:0: Direct-Access     VBOX     HARDDISK         1.0  PQ: 0 ANSI: 5
[    5.067250] scsi target2:0:1: Beginning Domain Validation
[    5.070694] scsi target2:0:1: Domain Validation skipping write tests
[    5.072785] scsi target2:0:1: Ending Domain Validation
[    5.074545] scsi target2:0:1: asynchronous
[    5.084387] sd 2:0:0:0: Attached scsi generic sg0 type 0
[    5.088567] sd 2:0:0:0: [sda] 83886080 512-byte logical blocks: (42.9 GB/40.0 GiB)
[    5.089304] sd 2:0:1:0: [sdb] 20480 512-byte logical blocks: (10.5 MB/10.0 MiB)
[    5.089991] sd 2:0:1:0: [sdb] Write Protect is off
[    5.090324] sd 2:0:1:0: [sdb] Incomplete mode parameter data
[    5.090326] sd 2:0:1:0: [sdb] Assuming drive cache: write through
[    5.096866] sd 2:0:1:0: Attached scsi generic sg1 type 0
[    5.099500] sd 2:0:1:0: [sdb] Attached SCSI disk
[    5.107872] sd 2:0:0:0: [sda] Write Protect is off
[    5.110006] sd 2:0:0:0: [sda] Incomplete mode parameter data
[    5.112071] sd 2:0:0:0: [sda] Assuming drive cache: write through
[    5.116956]  sda: sda1
[    5.119212] sd 2:0:0:0: [sda] Attached SCSI disk
Begin: Loading essential drivers ... [    6.435626] md: linear personality registered for level -1
[    6.438782] md: multipath personality registered for level -4
[    6.442379] md: raid0 personality registered for level 0
[    6.447210] md: raid1 personality registered for level 1
[    6.519688] raid6: sse2x1   gen() 10197 MB/s
[    6.587689] raid6: sse2x1   xor()  8046 MB/s
[    6.655682] raid6: sse2x2   gen() 12763 MB/s
[    6.723687] raid6: sse2x2   xor()  8608 MB/s
[    6.791705] raid6: sse2x4   gen() 15006 MB/s
[    6.859694] raid6: sse2x4   xor() 10428 MB/s
[    6.927670] raid6: avx2x1   gen() 19833 MB/s
[    6.995718] raid6: avx2x2   gen() 23252 MB/s
[    7.063688] raid6: avx2x4   gen() 26037 MB/s
[    7.064786] raid6: using algorithm avx2x4 gen() 26037 MB/s
[    7.066040] raid6: using avx2x2 recovery algorithm
[    7.069370] xor: automatically using best checksumming function:
[    7.107715]    avx       : 27299.000 MB/sec
[    7.109856] async_tx: api initialized (async)
[    7.120532] md: raid6 personality registered for level 6
[    7.122748] md: raid5 personality registered for level 5
[    7.124339] md: raid4 personality registered for level 4
[    7.133373] md: raid10 personality registered for level 10
done.
Begin: Running /scripts/init-premount ... done.
Begin: Mounting root file system ... Begin: Running /scripts/local-top ... done.
Begin: Running /scripts/local-premount ... [    7.165027] Btrfs loaded
Scanning for Btrfs filesystems
done.
Warning: fsck not present, so skipping root file system
[    7.193997] EXT4-fs (sda1): mounted filesystem with ordered data mode. Opts: (null)
done.
Begin: Running /scripts/local-bottom ... done.
Begin: Running /scripts/init-bottom ... done.
[    7.306220] systemd[1]: systemd 229 running in system mode. (+PAM +AUDIT +SELINUX +IMA +APPARMOR +SMACK +SYSVINIT +UTMP +LIBCRYPTSETUP +GCRYPT +GNUTLS +ACL +XZ -LZ4 +SECCOMP +BLKID +ELFUTILS +KMOD -IDN)
[    7.312360] systemd[1]: Detected virtualization oracle.
[    7.313745] systemd[1]: Detected architecture x86-64.

Welcome to [1mUbuntu 16.04.7 LTS[0m!

[    7.319270] systemd[1]: Set hostname to <ubuntu-xenial>.
[    7.453638] systemd[1]: Created slice User and Session Slice.
[[0;32m  OK  [0m] Created slice User and Session Slice.
[    7.456109] systemd[1]: Listening on udev Control Socket.
[[0;32m  OK  [0m] Listening on udev Control Socket.
[    7.464166] systemd[1]: Listening on Journal Audit Socket.
[[0;32m  OK  [0m] Listening on Journal Audit Socket.
[    7.467464] systemd[1]: Reached target User and Group Name Lookups.
[[0;32m  OK  [0m] Reached target User and Group Name Lookups.
[    7.476777] systemd[1]: Set up automount Arbitrary Executable File Formats File System Automount Point.
[[0;32m  OK  [0m] Set up automount Arbitrary Executab...ats File System Automount Point.
[    7.480928] systemd[1]: Listening on Journal Socket.
[[0;32m  OK  [0m] Listening on Journal Socket.
[    7.488599] systemd[1]: Reached target System Time Synchronized.
[[0;32m  OK  [0m] Reached target System Time Synchronized.
[    7.491892] systemd[1]: Created slice System Slice.
[[0;32m  OK  [0m] Created slice System Slice.
[    7.512371] systemd[1]: Starting Load Kernel Modules...
         Starting Load Kernel Modules...
[    7.515809] systemd[1]: Created slice system-serial\x2dgetty.slice.
[[0;32m  OK  [0m] Created slice system-serial\x2dgetty.slice.
[    7.520651] systemd[1]: Starting Uncomplicated firewall...
         Starting Uncomplicated firewall...
[    7.522985] Loading iSCSI transport class v2.0-870.
[    7.528735] systemd[1]: Mounting Debug File System...
[    7.530280] iscsi: registered transport (tcp)
         Mounting Debug File System...
[    7.533736] systemd[1]: Listening on udev Kernel Socket.
[[0;32m  OK  [0m] Listening on udev Kernel Socket.
[    7.548241] systemd[1]: Reached target Slices.
[[0;32m  OK  [0m] Reached target Slices.
[    7.551742] systemd[1]: Starting Nameserver information manager...
         Starting Nameserver information manager...
[    7.555173] systemd[1]: Reached target Swap.
[[0;32m  OK  [0m] Reached target Swap.
[    7.558081] systemd[1]: Mounting Huge Pages File System...
         Mounting Huge Pages File System...
[    7.560577] systemd[1]: Listening on Syslog Socket.
[    7.561882] iscsi: registered transport (iser)
[[0;32m  OK  [0m] Listening on Syslog Socket.
[    7.572395] systemd[1]: Listening on Journal Socket (/dev/log).
[[0;32m  OK  [0m] Listening on Journal Socket (/dev/log).
[    7.575645] systemd[1]: Starting Journal Service...
         Starting Journal Service...
[    7.577873] systemd[1]: Started Forward Password Requests to Wall Directory Watch.
[[0;32m  OK  [0m] Started Forward Password Requests to Wall Directory Watch.
[    7.581292] systemd[1]: Listening on /dev/initctl Compatibility Named Pipe.
[[0;32m  OK  [0m] Listening on /dev/initctl Compatibility Named Pipe.
[    7.585589] systemd[1]: Mounting POSIX Message Queue File System...
         Mounting POSIX Message Queue File System...
[    7.589745] systemd[1]: Started Trigger resolvconf update for networkd DNS.
[[0;32m  OK  [0m] Started Trigger resolvconf update for networkd DNS.
[    7.593777] systemd[1]: Starting Set console keymap...
         Starting Set console keymap...
[    7.603968] systemd[1]: Listening on fsck to fsckd communication Socket.
[[0;32m  OK  [0m] Listening on fsck to fsckd communication Socket.
[    7.607498] systemd[1]: Starting File System Check on Root Device...
         Starting File System Check on Root Device...
[    7.616593] systemd[1]: Starting Create list of required static device nodes for the current kernel...
         Starting Create list of required st... nodes for the current kernel...
[    7.627906] systemd[1]: Listening on LVM2 poll daemon socket.
[[0;32m  OK  [0m] Listening on LVM2 poll daemon socket.
[    7.630208] systemd[1]: Listening on Device-mapper event daemon FIFOs.
[[0;32m  OK  [0m] Listening on Device-mapper event daemon FIFOs.
[    7.640311] systemd[1]: Reached target Encrypted Volumes.
[[0;32m  OK  [0m] Reached target Encrypted Volumes.
[    7.643555] systemd[1]: Listening on LVM2 metadata daemon socket.
[[0;32m  OK  [0m] Listening on LVM2 metadata daemon socket.
[    7.664226] systemd[1]: Starting Monitoring of LVM2 mirrors, snapshots etc. using dmeventd or progress polling...
         Starting Monitoring of LVM2 mirrors... dmeventd or progress polling...
[    7.671793] systemd[1]: Mounted Huge Pages File System.
[[0;32m  OK  [0m] Mounted Huge Pages File System.
[    7.674449] systemd[1]: Mounted POSIX Message Queue File System.
[[0;32m  OK  [0m] Mounted POSIX Message Queue File System.
[    7.677698] systemd[1]: Mounted Debug File System.
[[0;32m  OK  [0m] Mounted Debug File System.
[    7.680056] systemd[1]: Started Journal Service.
[[0;32m  OK  [0m] Started Journal Service.
[[0;32m  OK  [0m] Started Load Kernel Modules.
[[0;32m  OK  [0m] Started Uncomplicated firewall.
[[0;32m  OK  [0m] Started Set console keymap.
[[0;32m  OK  [0m] Started File System Check on Root Device.
[[0;32m  OK  [0m] Started Create list of required sta...ce nodes for the current kernel.
[[0;32m  OK  [0m] Started Nameserver information manager.
[[0;32m  OK  [0m] Started LVM2 metadata daemon.
[[0;32m  OK  [0m] Started File System Check Daemon to report status.
         Starting Create Static Device Nodes in /dev...
         Starting Remount Root and Kernel File Systems...
         Starting Apply Kernel Variables...
         Mounting FUSE Control File System...
[[0;32m  OK  [0m] Mounted FUSE[    7.750479] EXT4-fs (sda1): re-mounted. Opts: (null)
 Control File System.
[[0;32m  OK  [0m] Started Remount Root and Kernel File Systems.
         Starting udev Coldplug all Devices...
         Starting Load/Save Random Seed...
         Starting Flush Journal to Persistent Storage...
[[0;32m  OK  [0m] Started Load/Save Random Seed.
[[0;32m  OK  [0m] Started Create Static Device Nodes in /dev.
[[0;32m  OK  [0m] Started Apply Kernel Variables.
         Starting udev Kernel Device Manager...
[[0;32m  OK  [0m] Started Flush Journal to Persistent Storage.
[[0;32m  OK  [0m] Started udev Kernel Device Manager.
[[0;32m  OK  [0m] Started udev Coldplug all Devices.
[[0;32m  OK  [0m] Started Dispatch Password Requests to Console Directory Watch.
[[0;32m  OK  [0m] Found device /dev/ttyS0.
[[0;32m  OK  [0m] Listening on Load/Save RF Kill Switch Status /dev/rfkill Watch.
[[0;32m  OK  [0m] Found device 82540EM Gigabit Ethern...r (PRO/1000 MT Desktop Adapter).
[[0;32m  OK  [0m] Found device 82540EM Gigabit Ethern...r (PRO/1000 MT Desktop Adapter).
[[0;32m  OK  [0m] Started Monitoring of LVM2 mirrors,...ng dmeventd or progress polling.
[[0;32m  OK  [0m] Reached target Local File Systems (Pre).
[[0;32m  OK  [0m] Reached target Local File Systems.
         Starting Set console font and keymap...
         Starting Tell Plymouth To Write Out Runtime Data...
         Starting LSB: AppArmor initialization...
         Starting Create Volatile Files and Directories...
         Starting Initial cloud-init job (pre-networking)...
[[0;32m  OK  [0m] Started Tell Plymouth To Write Out Runtime Data.
[[0;32m  OK  [0m] Started Create Volatile Files and Directories.
         Starting Update UTMP about System Boot/Shutdown...
[[0;32m  OK  [0m] Started Update UTMP about System Boot/Shutdown.
[[0;32m  OK  [0m] Started LSB: AppArmor initialization.
         Starting Load AppArmor profiles managed internally by snapd...
[[0;32m  OK  [0m] Started Load AppArmor profiles managed internally by snapd.
[[0;32m  OK  [0m] Started Set console font and keymap.
[[0;32m  OK  [0m] Created slice system-getty.slice.
[    8.987901] cloud-init[686]: Cloud-init v. 21.1-19-gbad84ad4-0ubuntu1~16.04.2 running 'init-local' at Wed, 20 Apr 2022 14:39:09 +0000. Up 8.76 seconds.
[[0;32m  OK  [0m] Started Initial cloud-init job (pre-networking).
[[0;32m  OK  [0m] Reached target Network (Pre).
         Starting Raise network interfaces...
[[0;32m  OK  [0m] Started ifup for enp0s8.
[[0;32m  OK  [0m] Started ifup for enp0s3.
[[0;32m  OK  [0m] Started Raise network interfaces.
         Starting Initial cloud-init job (metadata service crawler)...
[[0;32m  OK  [0m] Reached target Network.
[    9.715836] cloud-init[1083]: Cloud-init v. 21.1-19-gbad84ad4-0ubuntu1~16.04.2 running 'init' at Wed, 20 Apr 2022 14:39:10 +0000. Up 9.45 seconds.
[    9.720314] cloud-init[1083]: ci-info: ++++++++++++++++++++++++++++++++++++++Net device info+++++++++++++++++++++++++++++++++++++++
[    9.722788] cloud-init[1083]: ci-info: +--------+------+-----------------------------+---------------+--------+-------------------+
[    9.732390] cloud-init[1083]: ci-info: | Device |  Up  |           Address           |      Mask     | Scope  |     Hw-Address    |
[    9.733902] cloud-init[1083]: ci-info: +--------+------+-----------------------------+---------------+--------+-------------------+
[    9.735679] cloud-init[1083]: ci-info: | enp0s3 | True |          10.0.2.15          | 255.255.255.0 | global | 02:be:82:6b:cc:1d |
[    9.737492] cloud-init[1083]: ci-info: | enp0s3 | True |  fe80::be:82ff:fe6b:cc1d/64 |       .       |  link  | 02:be:82:6b:cc:1d |
[    9.739090] cloud-init[1083]: ci-info: | enp0s8 | True |        192.168.56.10        | 255.255.255.0 | global | 08:00:27:5e:c5:22 |
[    9.748369] cloud-init[1083]: ci-info: | enp0s8 | True | fe80::a00:27ff:fe5e:c522/64 |       .       |  link  | 08:00:27:5e:c5:22 |
[    9.756375] cloud-init[1083]: ci-info: |   lo   | True |          127.0.0.1          |   255.0.0.0   |  host  |         .         |
[    9.758255] cloud-init[1083]: ci-info: |   lo   | True |           ::1/128           |       .       |  host  |         .         |
[    9.759898] cloud-init[1083]: ci-info: +--------+------+-----------------------------+---------------+--------+-------------------+
[    9.761537] cloud-init[1083]: ci-info: ++++++++++++++++++++++++++++Route IPv4 info++++++++++++++++++++++++++++
[    9.768392] cloud-init[1083]: ci-info: +-------+--------------+----------+---------------+-----------+-------+
[    9.776393] cloud-init[1083]: ci-info: | Route | Destination  | Gateway  |    Genmask    | Interface | Flags |
[    9.776660] cloud-init[1083]: ci-info: +-------+--------------+----------+---------------+-----------+-------+
[    9.777316] cloud-init[1083]: ci-info: |   0   |   0.0.0.0    | 10.0.2.2 |    0.0.0.0    |   enp0s3  |   UG  |
[    9.778123] cloud-init[1083]: ci-info: |   1   |   10.0.2.0   | 0.0.0.0  | 255.255.255.0 |   enp0s3  |   U   |
[    9.778745] cloud-init[1083]: ci-info: |   2   | 192.168.56.0 | 0.0.0.0  | 255.255.255.0 |   enp0s8  |   U   |
[[0;32m  OK  [0m] Started Initial cloud-init job (metadata service crawler).
[    9.778825] cloud-init[1083]: ci-info: +-------+--------------+----------+---------------+-----------+-------+
[    9.792453] cloud-init[1083]: ci-info: +++++++++++++++++++Route IPv6 info+++++++++++++++++++
[    9.792678] cloud-init[1083]: ci-info: +-------+-------------+---------+-----------+-------+
[[0;32m  OK  [0m] Reached target Cloud-config availability.
[    9.792767] cloud-init[1083]: ci-info: | Route | Destination | Gateway | Interface | Flags |
[[0;32m  OK  [0m] Reached target Network is Online.
[    9.804969] cloud-init[1083]: ci-info: +-------+-------------+---------+-----------+-------+
[    9.812374] cloud-init[1083]: ci-info: |   0   |  fe80::/64  |    ::   |   enp0s8  |   U   |
[    9.813898] cloud-init[1083]: ci-info: |   1   |  fe80::/64  |    ::   |   enp0s3  |   U   |
[    9.815249] cloud-init[1083]: ci-info: |   4   |   ff00::/8  |    ::   |   enp0s8  |   U   |
[    9.824305] cloud-init[1083]: ci-info: |   5   |   ff00::/8  |    ::   |   enp0s3  |   U   |
[    9.824594] cloud-init[1083]: ci-info: +-------+-------------+---------+-----------+-------+
         Starting iSCSI initiator daemon (iscsid)...
[[0;32m  OK  [0m] Reached target System Initialization.
[[0;32m  OK  [0m] Listening on ACPID Listen Socket.
[[0;32m  OK  [0m] Started Message of the Day.
         Starting LXD - unix socket.
[[0;32m  OK  [0m] Started Ubuntu Advantage update messaging.
         Starting Socket activation for snappy daemon.
[[0;32m  OK  [0m] Started Daily Cleanup of Temporary Directories.
[[0;32m  OK  [0m] Listening on D-Bus System Message Bus Socket.
[[0;32m  OK  [0m] Started ACPI Events Check.
[[0;32m  OK  [0m] Reached target Paths.
[[0;32m  OK  [0m] Started Daily apt download activities.
[[0;32m  OK  [0m] Started Daily apt upgrade and clean activities.
[[0;32m  OK  [0m] Reached target Timers.
[[0;32m  OK  [0m] Listening on UUID daemon activation socket.
[[0;32m  OK  [0m] Listening on LXD - unix socket.
[[0;32m  OK  [0m] Listening on Socket activation for snappy daemon.
[[0;32m  OK  [0m] Started iSCSI initiator daemon (iscsid).
         Starting Login to default iSCSI targets...
[[0;32m  OK  [0m] Reached target Sockets.
[[0;32m  OK  [0m] Reached target Basic System.
[[0;32m  OK  [0m] Started D-Bus System Message Bus.
         Starting Virtualbox guest utils...
         Starting /etc/rc.local Compatibility...
[[0;32m  OK  [0m] Started Deferred execution scheduler.
         Starting Accounts Service...
         Starting LSB: MD monitoring daemon...
         Starting Login Service...
         Starting OpenBSD Secure Shell server...
[[0;32m  OK  [0m] Started Regular background program processing daemon.
         Starting LXD - container startup/shutdown...
         Starting LSB: Record successful boot for GRUB...
         Starting System Logging Service...
[[0;32m  OK  [0m] Started FUSE filesystem for LXC.
         Starting Snap Daemon...
[[0;32m  OK  [0m] Started ACPI event daemon.
[[0;32m  OK  [0m] Started /etc/rc.local Compatibility.
[[0;32m  OK  [0m] Started Login Service.
[[0;32m  OK  [0m] Started Unattended Upgrades Shutdown.
[[0;32m  OK  [0m] Started OpenBSD Secure Shell server.
[[0;32m  OK  [0m] Started System Logging Service.
[[0;32m  OK  [0m] Started LSB: Record successful boot for GRUB.
[[0;32m  OK  [0m] Started Login to default iSCSI targets.
         Starting Authenticate and Authorize Users to Run Privileged Tasks...
[[0;32m  OK  [0m] Reached target Remote File Systems (Pre).
         Mounting /vagrant...
[[0;32m  OK  [0m] Started LSB: MD monitoring daemon.
[[0;1;31mFAILED[0m] Failed to mount /vagrant.
See 'systemctl status vagrant.mount' for details.
[[0;1;33mDEPEND[0m] Dependency failed for Remote File Systems.
         Starting LSB: Set the CPU Frequency Scaling governor to "ondemand"...
         Starting Permit User Sessions...
         Starting LSB: daemon to balance interrupts for SMP systems...
         Starting LSB: automatic crash report generation...
[[0;32m  OK  [0m] Started Permit User Sessions.
[[0;32m  OK  [0m] Started Authenticate and Authorize Users to Run Privileged Tasks.
[[0;32m  OK  [0m] Started Accounts Service.
         Starting Terminate Plymouth Boot Screen...
         Starting Hold until boot process finishes up...
[[0;32m  OK  [0m] Started Hold until boot process finishes up.
[[0;32m  OK  [0m] Started Virtualbox guest utils.
[[0;32m  OK  [0m] Started Terminate Plymouth Boot Screen.
[[0;32m  OK  [0m] Started Serial Getty on ttyS0.
         Starting Set console scheme...
[[0;32m  OK  [0m] Started Getty on tty1.
[[0;32m  OK  [0m] Reached target Login Prompts.
[[0;32m  OK  [0m] Started LSB: Set the CPU Frequency Scaling governor to "ondemand".
[[0;32m  OK  [0m] Started Set console scheme.
[[0;32m  OK  [0m] Started LXD - container startup/shutdown.
[[0;32m  OK  [0m] Started LSB: daemon to balance interrupts for SMP systems.
[[0;32m  OK  [0m] Started LSB: automatic crash report generation.
[[0;32m  OK  [0m] Started Snap Daemon.
         Starting Wait until snapd is fully seeded...
[[0;32m  OK  [0m] Started Wait until snapd is fully seeded.
         Starting Apply the settings specified in cloud-config...
[[0;32m  OK  [0m] Reached target Multi-User System.
[[0;32m  OK  [0m] Reached target Graphical Interface.
         Starting Update UTMP about System Runlevel Changes...
[[0;32m  OK  [0m] Started Update UTMP about System Runlevel Changes.
[[0;32m  OK  [0m] Created slice User Slice of vagrant.
         Starting User Manager for UID 1000...
[[0;32m  OK  [0m] Started Session 1 of user vagrant.
[[0;32m  OK  [0m] Started User Manager for UID 1000.
[   11.576215] cloud-init[1339]: Cloud-init v. 21.1-19-gbad84ad4-0ubuntu1~16.04.2 running 'modules:config' at Wed, 20 Apr 2022 14:39:12 +0000. Up 11.42 seconds.
[[0;32m  OK  [0m] Started Apply the settings specified in cloud-config.
         Starting Execute cloud user/final scripts...
[   12.076874] cloud-init[1423]: Cloud-init v. 21.1-19-gbad84ad4-0ubuntu1~16.04.2 running 'modules:final' at Wed, 20 Apr 2022 14:39:12 +0000. Up 11.97 seconds.
[   12.078775] cloud-init[1423]: Cloud-init v. 21.1-19-gbad84ad4-0ubuntu1~16.04.2 finished at Wed, 20 Apr 2022 14:39:12 +0000. Datasource DataSourceNoCloud [seed=/dev/sdb][dsmode=net].  Up 12.07 seconds
[[0;32m  OK  [0m] Started Execute cloud user/final scripts.
[[0;32m  OK  [0m] Reached target Cloud-init target.

Ubuntu 16.04.7 LTS ubuntu-xenial ttyS0

ubuntu-xenial login: 