[    0.000000] Initializing cgroup subsys cpuset
[    0.000000] Initializing cgroup subsys cpu
[    0.000000] Initializing cgroup subsys cpuacct
[    0.000000] Linux version 4.4.0-210-generic (buildd@lgw01-amd64-009) (gcc version 5.4.0 20160609 (Ubuntu 5.4.0-6ubuntu1~16.04.12) ) #242-Ubuntu SMP Fri Apr 16 09:57:56 UTC 2021 (Ubuntu 4.4.0-210.242-generic 4.4.262)
[    0.000000] Command line: BOOT_IMAGE=/boot/vmlinuz-4.4.0-210-generic root=LABEL=cloudimg-rootfs ro console=tty1 console=ttyS0
[    0.000000] KERNEL supported cpus:
[    0.000000]   Intel GenuineIntel
[    0.000000]   AMD AuthenticAMD
[    0.000000]   Centaur CentaurHauls
[    0.000000] x86/fpu: xstate_offset[2]:  576, xstate_sizes[2]:  256
[    0.000000] x86/fpu: Supporting XSAVE feature 0x01: 'x87 floating point registers'
[    0.000000] x86/fpu: Supporting XSAVE feature 0x02: 'SSE registers'
[    0.000000] x86/fpu: Supporting XSAVE feature 0x04: 'AVX registers'
[    0.000000] x86/fpu: Enabled xstate features 0x7, context size is 832 bytes, using 'standard' format.
[    0.000000] e820: BIOS-provided physical RAM map:
[    0.000000] BIOS-e820: [mem 0x0000000000000000-0x000000000009fbff] usable
[    0.000000] BIOS-e820: [mem 0x000000000009fc00-0x000000000009ffff] reserved
[    0.000000] BIOS-e820: [mem 0x00000000000f0000-0x00000000000fffff] reserved
[    0.000000] BIOS-e820: [mem 0x0000000000100000-0x000000003ffeffff] usable
[    0.000000] BIOS-e820: [mem 0x000000003fff0000-0x000000003fffffff] ACPI data
[    0.000000] BIOS-e820: [mem 0x00000000fec00000-0x00000000fec00fff] reserved
[    0.000000] BIOS-e820: [mem 0x00000000fee00000-0x00000000fee00fff] reserved
[    0.000000] BIOS-e820: [mem 0x00000000fffc0000-0x00000000ffffffff] reserved
[    0.000000] NX (Execute Disable) protection: active
[    0.000000] SMBIOS 2.5 present.
[    0.000000] Hypervisor detected: KVM
[    0.000000] e820: last_pfn = 0x3fff0 max_arch_pfn = 0x400000000
[    0.000000] MTRR: Disabled
[    0.000000] x86/PAT: MTRRs disabled, skipping PAT initialization too.
[    0.000000] CPU MTRRs all blank - virtualized system.
[    0.000000] x86/PAT: Configuration [0-7]: WB  WT  UC- UC  WB  WT  UC- UC  
[    0.000000] found SMP MP-table at [mem 0x0009fff0-0x0009ffff] mapped at [ffff88000009fff0]
[    0.000000] Scanning 1 areas for low memory corruption
[    0.000000] RAMDISK: [mem 0x362dc000-0x37165fff]
[    0.000000] ACPI: Early table checksum verification disabled
[    0.000000] ACPI: RSDP 0x00000000000E0000 000024 (v02 VBOX  )
[    0.000000] ACPI: XSDT 0x000000003FFF0030 00003C (v01 VBOX   VBOXXSDT 00000001 ASL  00000061)
[    0.000000] ACPI: FACP 0x000000003FFF00F0 0000F4 (v04 VBOX   VBOXFACP 00000001 ASL  00000061)
[    0.000000] ACPI: DSDT 0x000000003FFF0470 002325 (v02 VBOX   VBOXBIOS 00000002 INTL 20120111)
[    0.000000] ACPI: FACS 0x000000003FFF0200 000040
[    0.000000] ACPI: FACS 0x000000003FFF0200 000040
[    0.000000] ACPI: APIC 0x000000003FFF0240 00005C (v02 VBOX   VBOXAPIC 00000001 ASL  00000061)
[    0.000000] ACPI: SSDT 0x000000003FFF02A0 0001CC (v01 VBOX   VBOXCPUT 00000002 INTL 20120111)
[    0.000000] No NUMA configuration found
[    0.000000] Faking a node at [mem 0x0000000000000000-0x000000003ffeffff]
[    0.000000] NODE_DATA(0) allocated [mem 0x3ffeb000-0x3ffeffff]
[    0.000000] kvm-clock: Using msrs 4b564d01 and 4b564d00
[    0.000000] kvm-clock: cpu 0, msr 0:3ffe3001, primary cpu clock
[    0.000000] kvm-clock: using sched offset of 3878551005 cycles
[    0.000000] clocksource: kvm-clock: mask: 0xffffffffffffffff max_cycles: 0x1cd42e4dffb, max_idle_ns: 881590591483 ns
[    0.000000] Zone ranges:
[    0.000000]   DMA      [mem 0x0000000000001000-0x0000000000ffffff]
[    0.000000]   DMA32    [mem 0x0000000001000000-0x000000003ffeffff]
[    0.000000]   Normal   empty
[    0.000000]   Device   empty
[    0.000000] Movable zone start for each node
[    0.000000] Early memory node ranges
[    0.000000]   node   0: [mem 0x0000000000001000-0x000000000009efff]
[    0.000000]   node   0: [mem 0x0000000000100000-0x000000003ffeffff]
[    0.000000] Initmem setup node 0 [mem 0x0000000000001000-0x000000003ffeffff]
[    0.000000] ACPI: PM-Timer IO Port: 0x4008
[    0.000000] IOAPIC[0]: apic_id 2, version 32, address 0xfec00000, GSI 0-23
[    0.000000] ACPI: INT_SRC_OVR (bus 0 bus_irq 0 global_irq 2 dfl dfl)
[    0.000000] ACPI: INT_SRC_OVR (bus 0 bus_irq 9 global_irq 9 low level)
[    0.000000] Using ACPI (MADT) for SMP configuration information
[    0.000000] smpboot: Allowing 2 CPUs, 0 hotplug CPUs
[    0.000000] PM: Registered nosave memory: [mem 0x00000000-0x00000fff]
[    0.000000] PM: Registered nosave memory: [mem 0x0009f000-0x0009ffff]
[    0.000000] PM: Registered nosave memory: [mem 0x000a0000-0x000effff]
[    0.000000] PM: Registered nosave memory: [mem 0x000f0000-0x000fffff]
[    0.000000] e820: [mem 0x40000000-0xfebfffff] available for PCI devices
[    0.000000] Booting paravirtualized kernel on KVM
[    0.000000] clocksource: refined-jiffies: mask: 0xffffffff max_cycles: 0xffffffff, max_idle_ns: 7645519600211568 ns
[    0.000000] setup_percpu: NR_CPUS:512 nr_cpumask_bits:512 nr_cpu_ids:2 nr_node_ids:1
[    0.000000] PERCPU: Embedded 33 pages/cpu @ffff88003fc00000 s95192 r8192 d31784 u1048576
[    0.000000] Built 1 zonelists in Node order, mobility grouping on.  Total pages: 257912
[    0.000000] Policy zone: DMA32
[    0.000000] Kernel command line: BOOT_IMAGE=/boot/vmlinuz-4.4.0-210-generic root=LABEL=cloudimg-rootfs ro console=tty1 console=ttyS0
[    0.000000] PID hash table entries: 4096 (order: 3, 32768 bytes)
[    0.000000] Memory: 997792K/1048120K available (8644K kernel code, 1332K rwdata, 4044K rodata, 1492K init, 1164K bss, 50328K reserved, 0K cma-reserved)
[    0.000000] SLUB: HWalign=64, Order=0-3, MinObjects=0, CPUs=2, Nodes=1
[    0.000000] Kernel/User page tables isolation: enabled
[    0.000000] Hierarchical RCU implementation.
[    0.000000] 	Build-time adjustment of leaf fanout to 64.
[    0.000000] 	RCU restricting CPUs from NR_CPUS=512 to nr_cpu_ids=2.
[    0.000000] RCU: Adjusting geometry for rcu_fanout_leaf=64, nr_cpu_ids=2
[    0.000000] NR_IRQS:33024 nr_irqs:440 16
[    0.000000] Console: colour VGA+ 80x25
[    0.000000] console [tty1] enabled
[    0.000000] console [ttyS0] enabled
[    0.000000] tsc: Detected 2494.226 MHz processor
[    0.200422] Calibrating delay loop (skipped) preset value.. 4988.45 BogoMIPS (lpj=9976904)
[    0.202419] pid_max: default: 32768 minimum: 301
[    0.203990] ACPI: Core revision 20150930
[    0.206180] ACPI: 2 ACPI AML tables successfully acquired and loaded
[    0.208283] Security Framework initialized
[    0.209460] Yama: becoming mindful.
[    0.210453] AppArmor: AppArmor initialized
[    0.211839] Dentry cache hash table entries: 131072 (order: 8, 1048576 bytes)
[    0.217400] Inode-cache hash table entries: 65536 (order: 7, 524288 bytes)
[    0.219793] Mount-cache hash table entries: 2048 (order: 2, 16384 bytes)
[    0.221684] Mountpoint-cache hash table entries: 2048 (order: 2, 16384 bytes)
[    0.223694] Initializing cgroup subsys io
[    0.225086] Initializing cgroup subsys memory
[    0.226334] Initializing cgroup subsys devices
[    0.227453] Initializing cgroup subsys freezer
[    0.229624] Initializing cgroup subsys net_cls
[    0.231020] Initializing cgroup subsys perf_event
[    0.232403] Initializing cgroup subsys net_prio
[    0.233541] Initializing cgroup subsys hugetlb
[    0.234711] Initializing cgroup subsys pids
[    0.243319] mce: CPU supports 0 MCE banks
[    0.245136] Last level iTLB entries: 4KB 1024, 2MB 1024, 4MB 1024
[    0.247938] Last level dTLB entries: 4KB 1024, 2MB 1024, 4MB 1024, 1GB 4
[    0.250170] Spectre V1 : Mitigation: usercopy/swapgs barriers and __user pointer sanitization
[    0.252874] Spectre V2 : Mitigation: Full generic retpoline
[    0.254206] Spectre V2 : Spectre v2 / SpectreRSB mitigation: Filling RSB on context switch
[    0.258035] Speculative Store Bypass: Vulnerable
[    0.260124] SRBDS: Unknown: Dependent on hypervisor status
[    0.261832] MDS: Mitigation: Clear CPU buffers
[    0.266268] Freeing SMP alternatives memory: 36K
[    0.274425] ftrace: allocating 32380 entries in 127 pages
[    0.336697] smpboot: APIC(0) Converting physical 0 to logical package 0
[    0.338618] smpboot: Max logical packages: 1
[    0.340596] x2apic enabled
[    0.341721] Switched APIC routing to physical x2apic.
[    0.343963] ..TIMER: vector=0x30 apic1=0 pin1=2 apic2=-1 pin2=-1
[    0.454019] smpboot: CPU0: Intel(R) Core(TM) i7-4870HQ CPU @ 2.50GHz (family: 0x6, model: 0x46, stepping: 0x1)
[    0.509341] Performance Events: unsupported p6 CPU model 70 no PMU driver, software events only.
[    0.533061] KVM setup paravirtual spinlock
[    0.536147] x86: Booting SMP configuration:
[    0.537486] .... node  #0, CPUs:      #1
[    0.540159] kvm-clock: cpu 1, msr 0:3ffe3041, secondary cpu clock
[    0.559427] mce: CPU supports 0 MCE banks
[    0.567354] x86: Booted up 1 node, 2 CPUs
[    0.569929] smpboot: Total of 2 processors activated (9976.90 BogoMIPS)
[    0.573710] devtmpfs: initialized
[    0.577251] evm: security.selinux
[    0.578379] evm: security.SMACK64
[    0.580082] evm: security.SMACK64EXEC
[    0.582319] evm: security.SMACK64TRANSMUTE
[    0.584266] evm: security.SMACK64MMAP
[    0.586701] evm: security.ima
[    0.588439] evm: security.capability
[    0.590023] clocksource: jiffies: mask: 0xffffffff max_cycles: 0xffffffff, max_idle_ns: 7645041785100000 ns
[    0.593586] futex hash table entries: 512 (order: 3, 32768 bytes)
[    0.597524] pinctrl core: initialized pinctrl subsystem
[    0.600911] RTC time:  8:25:35, date: 04/25/22
[    0.602660] NET: Registered protocol family 16
[    0.613407] cpuidle: using governor ladder
[    0.626070] cpuidle: using governor menu
[    0.627156] PCCT header not found.
[    0.629339] ACPI: bus type PCI registered
[    0.631925] acpiphp: ACPI Hot Plug PCI Controller Driver version: 0.5
[    0.636963] PCI: Using configuration type 1 for base access
[    0.650529] ACPI: Added _OSI(Module Device)
[    0.651631] ACPI: Added _OSI(Processor Device)
[    0.653175] ACPI: Added _OSI(3.0 _SCP Extensions)
[    0.654579] ACPI: Added _OSI(Processor Aggregator Device)
[    0.657789] ACPI: Executed 1 blocks of module-level executable AML code
[    0.661699] ACPI: Interpreter enabled
[    0.663205] ACPI: (supports S0 S5)
[    0.665333] ACPI: Using IOAPIC for interrupt routing
[    0.667481] PCI: Using host bridge windows from ACPI; if necessary, use "pci=nocrs" and report a bug
[    0.675246] ACPI: PCI Root Bridge [PCI0] (domain 0000 [bus 00-ff])
[    0.677013] acpi PNP0A03:00: _OSC: OS supports [ASPM ClockPM Segments MSI]
[    0.679783] acpi PNP0A03:00: _OSC: not requesting OS control; OS requires [ExtendedConfig ASPM ClockPM MSI]
[    0.684305] acpi PNP0A03:00: fail to add MMCONFIG information, can't access extended PCI configuration space under this bridge.
[    0.687835] PCI host bridge to bus 0000:00
[    0.689072] pci_bus 0000:00: root bus resource [io  0x0000-0x0cf7 window]
[    0.690998] pci_bus 0000:00: root bus resource [io  0x0d00-0xffff window]
[    0.692679] pci_bus 0000:00: root bus resource [mem 0x000a0000-0x000bffff window]
[    0.694768] pci_bus 0000:00: root bus resource [mem 0x40000000-0xfdffffff window]
[    0.699790] pci_bus 0000:00: root bus resource [bus 00-ff]
[    0.708631] pci 0000:00:01.1: legacy IDE quirk: reg 0x10: [io  0x01f0-0x01f7]
[    0.713730] pci 0000:00:01.1: legacy IDE quirk: reg 0x14: [io  0x03f6]
[    0.721118] pci 0000:00:01.1: legacy IDE quirk: reg 0x18: [io  0x0170-0x0177]
[    0.744280] pci 0000:00:01.1: legacy IDE quirk: reg 0x1c: [io  0x0376]
[    0.771787] pci 0000:00:07.0: quirk: [io  0x4000-0x403f] claimed by PIIX4 ACPI
[    0.776793] pci 0000:00:07.0: quirk: [io  0x4100-0x410f] claimed by PIIX4 SMB
[    0.797655] ACPI: PCI Interrupt Link [LNKA] (IRQs 5 9 10 *11)
[    0.800505] ACPI: PCI Interrupt Link [LNKB] (IRQs 5 9 *10 11)
[    0.802825] ACPI: PCI Interrupt Link [LNKC] (IRQs 5 *9 10 11)
[    0.805202] ACPI: PCI Interrupt Link [LNKD] (IRQs 5 9 10 *11)
[    0.807812] ACPI: Enabled 2 GPEs in block 00 to 07
[    0.809728] vgaarb: setting as boot device: PCI:0000:00:02.0
[    0.812112] vgaarb: device added: PCI:0000:00:02.0,decodes=io+mem,owns=io+mem,locks=none
[    0.814589] vgaarb: loaded
[    0.815415] vgaarb: bridge control possible 0000:00:02.0
[    0.817770] SCSI subsystem initialized
[    0.819684] ACPI: bus type USB registered
[    0.820868] usbcore: registered new interface driver usbfs
[    0.822244] usbcore: registered new interface driver hub
[    0.823619] usbcore: registered new device driver usb
[    0.826145] PCI: Using ACPI for IRQ routing
[    0.828267] NetLabel: Initializing
[    0.830392] NetLabel:  domain hash size = 128
[    0.831741] NetLabel:  protocols = UNLABELED CIPSOv4
[    0.833373] NetLabel:  unlabeled traffic allowed by default
[    0.835003] amd_nb: Cannot enumerate AMD northbridges
[    0.836546] clocksource: Switched to clocksource kvm-clock
[    0.845386] AppArmor: AppArmor Filesystem Enabled
[    0.847820] pnp: PnP ACPI init
[    0.850343] pnp: PnP ACPI: found 3 devices
[    0.859695] clocksource: acpi_pm: mask: 0xffffff max_cycles: 0xffffff, max_idle_ns: 2085701024 ns
[    0.862613] NET: Registered protocol family 2
[    0.866037] TCP established hash table entries: 8192 (order: 4, 65536 bytes)
[    0.868658] TCP bind hash table entries: 8192 (order: 5, 131072 bytes)
[    0.871284] TCP: Hash tables configured (established 8192 bind 8192)
[    0.873052] UDP hash table entries: 512 (order: 2, 16384 bytes)
[    0.875159] UDP-Lite hash table entries: 512 (order: 2, 16384 bytes)
[    0.877089] NET: Registered protocol family 1
[    0.878271] pci 0000:00:00.0: Limiting direct PCI/PCI transfers
[    0.881276] pci 0000:00:01.0: Activating ISA DMA hang workarounds
[    0.883756] Unpacking initramfs...
[    1.146170] Freeing initrd memory: 14888K
[    1.148255] clocksource: tsc: mask: 0xffffffffffffffff max_cycles: 0x23f3eb3743e, max_idle_ns: 440795257847 ns
[    1.153254] platform rtc_cmos: registered platform RTC device (no PNP device found)
[    1.155797] Scanning for low memory corruption every 60 seconds
[    1.159969] audit: initializing netlink subsys (disabled)
[    1.162844] audit: type=2000 audit(1650875141.258:1): initialized
[    1.165506] Initialise system trusted keyring
[    1.167580] HugeTLB registered 2 MB page size, pre-allocated 0 pages
[    1.171460] zbud: loaded
[    1.172825] VFS: Disk quotas dquot_6.6.0
[    1.174124] VFS: Dquot-cache hash table entries: 512 (order 0, 4096 bytes)
[    1.177198] squashfs: version 4.0 (2009/01/31) Phillip Lougher
[    1.180778] fuse init (API version 7.23)
[    1.183354] Key type big_key registered
[    1.185225] Allocating IMA MOK and blacklist keyrings.
[    1.188744] Key type asymmetric registered
[    1.190455] Asymmetric key parser 'x509' registered
[    1.193141] Block layer SCSI generic (bsg) driver version 0.4 loaded (major 249)
[    1.195773] io scheduler noop registered
[    1.197653] io scheduler deadline registered (default)
[    1.200245] io scheduler cfq registered
[    1.201997] pci_hotplug: PCI Hot Plug PCI Core version: 0.5
[    1.204000] pciehp: PCI Express Hot Plug Controller Driver version: 0.4
[    1.206036] ACPI: AC Adapter [AC] (on-line)
[    1.207165] input: Power Button as /devices/LNXSYSTM:00/LNXPWRBN:00/input/input0
[    1.209531] ACPI: Power Button [PWRF]
[    1.210693] input: Sleep Button as /devices/LNXSYSTM:00/LNXSLPBN:00/input/input1
[    1.214084] ACPI: Sleep Button [SLPF]
[    1.216392] GHES: HEST is not enabled!
[    1.217919] ACPI: Battery Slot [BAT0] (battery present)
[    1.220741] Serial: 8250/16550 driver, 32 ports, IRQ sharing enabled
[    1.243993] 00:02: ttyS0 at I/O 0x3f8 (irq = 4, base_baud = 115200) is a 16550A
[    1.250207] Linux agpgart interface v0.103
[    1.252769] loop: module loaded
[    1.254228] scsi host0: ata_piix
[    1.255301] scsi host1: ata_piix
[    1.256565] ata1: PATA max UDMA/33 cmd 0x1f0 ctl 0x3f6 bmdma 0xd000 irq 14
[    1.258452] ata2: PATA max UDMA/33 cmd 0x170 ctl 0x376 bmdma 0xd008 irq 15
[    1.261843] libphy: Fixed MDIO Bus: probed
[    1.265674] tun: Universal TUN/TAP device driver, 1.6
[    1.267504] tun: (C) 1999-2004 Max Krasnyansky <maxk@qualcomm.com>
[    1.269925] PPP generic driver version 2.4.2
[    1.271779] ehci_hcd: USB 2.0 'Enhanced' Host Controller (EHCI) Driver
[    1.273335] ehci-pci: EHCI PCI platform driver
[    1.274820] ehci-platform: EHCI generic platform driver
[    1.276379] ohci_hcd: USB 1.1 'Open' Host Controller (OHCI) Driver
[    1.278138] ohci-pci: OHCI PCI platform driver
[    1.280334] ohci-platform: OHCI generic platform driver
[    1.281660] uhci_hcd: USB Universal Host Controller Interface driver
[    1.284009] i8042: PNP: PS/2 Controller [PNP0303:PS2K,PNP0f03:PS2M] at 0x60,0x64 irq 1,12
[    1.287317] serio: i8042 KBD port at 0x60,0x64 irq 1
[    1.288498] serio: i8042 AUX port at 0x60,0x64 irq 12
[    1.290134] mousedev: PS/2 mouse device common for all mice
[    1.291889] input: AT Translated Set 2 keyboard as /devices/platform/i8042/serio0/input/input2
[    1.295242] rtc_cmos rtc_cmos: rtc core: registered rtc_cmos as rtc0
[    1.298008] rtc_cmos rtc_cmos: alarms up to one day, 114 bytes nvram
[    1.299884] i2c /dev entries driver
[    1.301270] device-mapper: uevent: version 1.0.3
[    1.302972] device-mapper: ioctl: 4.34.0-ioctl (2015-10-28) initialised: dm-devel@redhat.com
[    1.305346] ledtrig-cpu: registered to indicate activity on CPUs
[    1.308959] NET: Registered protocol family 10
[    1.310863] NET: Registered protocol family 17
[    1.313511] Key type dns_resolver registered
[    1.317928] registered taskstats version 1
[    1.324857] Loading compiled-in X.509 certificates
[    1.330030] Loaded X.509 cert 'Build time autogenerated kernel key: cf00e047681d67edb2720680708b7d9498083038'
[    1.335024] zswap: loaded using pool lzo/zbud
[    1.340663] Key type trusted registered
[    1.351676] Key type encrypted registered
[    1.353989] AppArmor: AppArmor sha1 policy hashing enabled
[    1.360801] ima: No TPM chip found, activating TPM-bypass!
[    1.365196] ima: Allocated hash algorithm: sha1
[    1.367596] evm: HMAC attrs: 0x1
[    1.370563]   Magic number: 2:89:423
[    1.373969] rtc_cmos rtc_cmos: setting system clock to 2022-04-25 08:25:36 UTC (1650875136)
[    1.381632] BIOS EDD facility v0.16 2004-Jun-25, 0 devices found
[    1.391490] EDD information not available.
[    1.463997] Freeing unused kernel memory: 1492K
[    1.466621] Write protecting the kernel read-only data: 14336k
[    1.470546] Freeing unused kernel memory: 1584K
[    1.472820] Freeing unused kernel memory: 52K
Loading, please wait...
starting version 229
[    1.507309] random: systemd-udevd: uninitialized urandom read (16 bytes read, 2 bits of entropy available)
[    1.508206] random: udevadm: uninitialized urandom read (16 bytes read, 2 bits of entropy available)
[    1.508280] random: udevadm: uninitialized urandom read (16 bytes read, 2 bits of entropy available)
[    1.546636] random: udevadm: uninitialized urandom read (16 bytes read, 2 bits of entropy available)
[    1.546699] random: udevadm: uninitialized urandom read (16 bytes read, 2 bits of entropy available)
[    1.547002] random: udevadm: uninitialized urandom read (16 bytes read, 2 bits of entropy available)
[    1.547157] random: udevadm: uninitialized urandom read (16 bytes read, 2 bits of entropy available)
[    1.547289] random: udevadm: uninitialized urandom read (16 bytes read, 2 bits of entropy available)
[    1.547586] random: udevadm: uninitialized urandom read (16 bytes read, 2 bits of entropy available)
[    1.547753] random: udevadm: uninitialized urandom read (16 bytes read, 2 bits of entropy available)
[    1.681076] e1000: Intel(R) PRO/1000 Network Driver - version 7.3.21-k8-NAPI
[    1.688352] e1000: Copyright (c) 1999-2006 Intel Corporation.
[    1.737331] Fusion MPT base driver 3.04.20
[    1.741062] Copyright (c) 1999-2008 LSI Corporation
[    1.770530] AVX2 version of gcm_enc/dec engaged.
[    1.780841] AES CTR mode by8 optimization enabled
[    1.795099] Fusion MPT SPI Host driver 3.04.20
[    1.956015] input: ImExPS/2 Generic Explorer Mouse as /devices/platform/i8042/serio1/input/input4
[    2.840186] e1000 0000:00:03.0 eth0: (PCI:33MHz:32-bit) 02:be:82:6b:cc:1d
[    2.842371] e1000 0000:00:03.0 eth0: Intel(R) PRO/1000 Network Connection
[    3.850087] e1000 0000:00:08.0 eth1: (PCI:33MHz:32-bit) 08:00:27:ef:2d:aa
[    3.852149] e1000 0000:00:08.0 eth1: Intel(R) PRO/1000 Network Connection
[    3.855535] e1000 0000:00:03.0 enp0s3: renamed from eth0
[    3.857991] mptbase: ioc0: Initiating bringup
[    3.873317] e1000 0000:00:08.0 enp0s8: renamed from eth1
[    3.921127] ioc0: LSI53C1030 A0: Capabilities={Initiator}
[    4.091488] scsi host2: ioc0: LSI53C1030 A0, FwRev=00000000h, Ports=1, MaxQ=256, IRQ=20
[    4.209280] scsi 2:0:0:0: Direct-Access     VBOX     HARDDISK         1.0  PQ: 0 ANSI: 5
[    4.216849] scsi target2:0:0: Beginning Domain Validation
[    4.231232] scsi target2:0:0: Domain Validation skipping write tests
[    4.234924] scsi target2:0:0: Ending Domain Validation
[    4.239996] scsi target2:0:0: asynchronous
[    4.247380] scsi 2:0:1:0: Direct-Access     VBOX     HARDDISK         1.0  PQ: 0 ANSI: 5
[    4.283478] scsi target2:0:1: Beginning Domain Validation
[    4.306626] scsi target2:0:1: Domain Validation skipping write tests
[    4.311133] scsi target2:0:1: Ending Domain Validation
[    4.319303] scsi target2:0:1: asynchronous
[    4.340647] sd 2:0:0:0: Attached scsi generic sg0 type 0
[    4.343021] sd 2:0:0:0: [sda] 83886080 512-byte logical blocks: (42.9 GB/40.0 GiB)
[    4.346331] sd 2:0:1:0: Attached scsi generic sg1 type 0
[    4.355795] sd 2:0:1:0: [sdb] 20480 512-byte logical blocks: (10.5 MB/10.0 MiB)
[    4.366526] sd 2:0:0:0: [sda] Write Protect is off
[    4.369654] sd 2:0:0:0: [sda] Incomplete mode parameter data
[    4.371876] sd 2:0:0:0: [sda] Assuming drive cache: write through
[    4.374544] sd 2:0:1:0: [sdb] Write Protect is off
[    4.377071] sd 2:0:1:0: [sdb] Incomplete mode parameter data
[    4.379695] sd 2:0:1:0: [sdb] Assuming drive cache: write through
[    4.385148]  sda: sda1
[    4.396685] sd 2:0:0:0: [sda] Attached SCSI disk
[    4.399015] sd 2:0:1:0: [sdb] Attached SCSI disk
Begin: Loading essential drivers ... [    6.167548] md: linear personality registered for level -1
[    6.171992] md: multipath personality registered for level -4
[    6.175910] md: raid0 personality registered for level 0
[    6.181392] md: raid1 personality registered for level 1
[    6.252627] raid6: sse2x1   gen()  9268 MB/s
[    6.320603] raid6: sse2x1   xor()  6966 MB/s
[    6.396755] raid6: sse2x2   gen() 10558 MB/s
[    6.464649] raid6: sse2x2   xor()  6591 MB/s
[    6.532650] raid6: sse2x4   gen()  9163 MB/s
[    6.600960] raid6: sse2x4   xor()  5907 MB/s
[    6.668646] raid6: avx2x1   gen() 14245 MB/s
[    6.736622] raid6: avx2x2   gen() 17564 MB/s
[    6.804736] raid6: avx2x4   gen() 20321 MB/s
[    6.806273] raid6: using algorithm avx2x4 gen() 20321 MB/s
[    6.808042] raid6: using avx2x2 recovery algorithm
[    6.811111] xor: automatically using best checksumming function:
[    6.852638]    avx       : 26773.000 MB/sec
[    6.855697] async_tx: api initialized (async)
[    6.866744] md: raid6 personality registered for level 6
[    6.869913] md: raid5 personality registered for level 5
[    6.871310] md: raid4 personality registered for level 4
[    6.880361] md: raid10 personality registered for level 10
done.
Begin: Running /scripts/init-premount ... done.
Begin: Mounting root file system ... Begin: Running /scripts/local-top ... done.
Begin: Running /scripts/local-premount ... [    6.915526] Btrfs loaded
Scanning for Btrfs filesystems
done.
Warning: fsck not present, so skipping root file system
[    6.951784] EXT4-fs (sda1): mounted filesystem with ordered data mode. Opts: (null)
done.
Begin: Running /scripts/local-bottom ... done.
Begin: Running /scripts/init-bottom ... done.
[    7.065613] systemd[1]: systemd 229 running in system mode. (+PAM +AUDIT +SELINUX +IMA +APPARMOR +SMACK +SYSVINIT +UTMP +LIBCRYPTSETUP +GCRYPT +GNUTLS +ACL +XZ -LZ4 +SECCOMP +BLKID +ELFUTILS +KMOD -IDN)
[    7.070291] systemd[1]: Detected virtualization oracle.
[    7.071529] systemd[1]: Detected architecture x86-64.

Welcome to [1mUbuntu 16.04.7 LTS[0m!

[    7.076124] systemd[1]: Set hostname to <ubuntu-xenial>.
[    7.222183] systemd[1]: Listening on Device-mapper event daemon FIFOs.
[[0;32m  OK  [0m] Listening on Device-mapper event daemon FIFOs.
[    7.226490] systemd[1]: Started Trigger resolvconf update for networkd DNS.
[[0;32m  OK  [0m] Started Trigger resolvconf update for networkd DNS.
[    7.237283] systemd[1]: Listening on Journal Socket (/dev/log).
[[0;32m  OK  [0m] Listening on Journal Socket (/dev/log).
[    7.245052] systemd[1]: Started Forward Password Requests to Wall Directory Watch.
[[0;32m  OK  [0m] Started Forward Password Requests to Wall Directory Watch.
[    7.249637] systemd[1]: Listening on LVM2 metadata daemon socket.
[[0;32m  OK  [0m] Listening on LVM2 metadata daemon socket.
[    7.252088] systemd[1]: Reached target User and Group Name Lookups.
[[0;32m  OK  [0m] Reached target User and Group Name Lookups.
[    7.254309] systemd[1]: Listening on udev Kernel Socket.
[[0;32m  OK  [0m] Listening on udev Kernel Socket.
[    7.261086] systemd[1]: Created slice User and Session Slice.
[[0;32m  OK  [0m] Created slice User and Session Slice.
[    7.273166] systemd[1]: Listening on Syslog Socket.
[[0;32m  OK  [0m] Listening on Syslog Socket.
[    7.275626] systemd[1]: Listening on LVM2 poll daemon socket.
[[0;32m  OK  [0m] Listening on LVM2 poll daemon socket.
[    7.277840] systemd[1]: Listening on Journal Audit Socket.
[[0;32m  OK  [0m] Listening on Journal Audit Socket.
[    7.288945] systemd[1]: Listening on /dev/initctl Compatibility Named Pipe.
[[0;32m  OK  [0m] Listening on /dev/initctl Compatibility Named Pipe.
[    7.292136] systemd[1]: Listening on fsck to fsckd communication Socket.
[[0;32m  OK  [0m] Listening on fsck to fsckd communication Socket.
[    7.295029] systemd[1]: Set up automount Arbitrary Executable File Formats File System Automount Point.
[[0;32m  OK  [0m] Set up automount Arbitrary Executab...ats File System Automount Point.
[    7.299827] systemd[1]: Reached target Encrypted Volumes.
[[0;32m  OK  [0m] Reached target Encrypted Volumes.
[    7.302911] systemd[1]: Listening on udev Control Socket.
[[0;32m  OK  [0m] Listening on udev Control Socket.
[    7.305788] systemd[1]: Created slice System Slice.
[[0;32m  OK  [0m] Created slice System Slice.
[    7.312889] systemd[1]: Reached target Slices.
[[0;32m  OK  [0m] Reached target Slices.
[    7.315493] systemd[1]: Listening on Journal Socket.
[[0;32m  OK  [0m] Listening on Journal Socket.
[    7.333175] systemd[1]: Starting Journal Service...
         Starting Journal Service...
[    7.337966] systemd[1]: Starting Uncomplicated firewall...
         Starting Uncomplicated firewall...
[    7.342753] systemd[1]: Starting Monitoring of LVM2 mirrors, snapshots etc. using dmeventd or progress polling...
         Starting Monitoring of LVM2 mirrors... dmeventd or progress polling...
[    7.351312] systemd[1]: Starting Load Kernel Modules...
         Starting Load Kernel Modules...
[    7.354576] systemd[1]: Mounting POSIX Message Queue File System...
         Mounting POSIX Message Queue File System...
[    7.361031] systemd[1]: Mounting Huge Pages File System...
         Mounting Huge Pages File System...
[    7.365312] systemd[1]: Starting Set console keymap...
         [    7.367514] Loading iSCSI transport class v2.0-870.
Starting Set console keymap...
[    7.371970] systemd[1]: Starting Create list of required static device nodes for the current kernel...
         Starting Create list of required st... nodes for the current kernel...
[    7.378888] systemd[1]: Starting Nameserver information manager...
         Starting Nameserver information manager...
[    7.390149] systemd[1]: Mounting Debug File System...
         Mounting Debug File System...
[    7.395704] iscsi: registered transport (tcp)
[    7.401165] systemd[1]: Created slice system-serial\x2dgetty.slice.
[[0;32m  OK  [0m] Created slice system-serial\x2dgetty.slice.
[    7.404709] systemd[1]: Reached target System Time Synchronized.
[[0;32m  OK  [0m] Reached target System Time Synchronized.
[    7.407568] systemd[1]: Reached target Swap.
[[0;32m  OK  [0m] Reached target Swap.
[    7.424692] systemd[1]: Starting File System Check on Root Device...
         Starting File System Check on Root Device...
[    7.434558] systemd[1]: Mounted Huge Pages File System.
[[0;32m  OK  [0m] Mounted Huge Pages File System.
[    7.439105] iscsi: registered transport (iser)
[    7.444826] systemd[1]: Mounted POSIX Message Queue File System.
[[0;32m  OK  [0m] Mounted POSIX Message Queue File System.
[    7.448716] systemd[1]: Mounted Debug File System.
[[0;32m  OK  [0m] Mounted Debug File System.
[    7.451127] systemd[1]: Started Journal Service.
[[0;32m  OK  [0m] Started Journal Service.
[[0;32m  OK  [0m] Started Uncomplicated firewall.
[[0;32m  OK  [0m] Started Load Kernel Modules.
[[0;32m  OK  [0m] Started Set console keymap.
[[0;32m  OK  [0m] Started Create list of required sta...ce nodes for the current kernel.
[[0;32m  OK  [0m] Started File System Check on Root Device.
[[0;32m  OK  [0m] Started Nameserver information manager.
[[0;32m  OK  [0m] Started LVM2 metadata daemon.
[[0;32m  OK  [0m] Started File System Check Daemon to report status.
         Starting Remount Root and Kernel File Systems...
         Starting Create Static Device Nodes in /dev...
[    7.495165] EXT4-fs (sda1): re-mounted. Opts: (null)
         Mounting FUSE Control File System...
         Starting Apply Kernel Variables...
[[0;32m  OK  [0m] Mounted FUSE Control File System.
[[0;32m  OK  [0m] Started Remount Root and Kernel File Systems.
         Starting Load/Save Random Seed...
         Starting Flush Journal to Persistent Storage...
         Starting udev Coldplug all Devices...
[[0;32m  OK  [0m] Started Create Static Device Nodes in /dev.
[[0;32m  OK  [0m] Started Load/Save Random Seed.
[[0;32m  OK  [0m] Started Apply Kernel Variables.
         Starting udev Kernel Device Manager...
[[0;32m  OK  [0m] Started Flush Journal to Persistent Storage.
[[0;32m  OK  [0m] Started udev Coldplug all Devices.
[[0;32m  OK  [0m] Started udev Kernel Device Manager.
[[0;32m  OK  [0m] Started Dispatch Password Requests to Console Directory Watch.
[[0;32m  OK  [0m] Found device /dev/ttyS0.
[[0;32m  OK  [0m] Found device 82540EM Gigabit Ethern...r (PRO/1000 MT Desktop Adapter).
[[0;32m  OK  [0m] Started Monitoring of LVM2 mirrors,...ng dmeventd or progress polling.
[[0;32m  OK  [0m] Reached target Local File Systems (Pre).
[[0;32m  OK  [0m] Reached target Local File Systems.
         Starting Initial cloud-init job (pre-networking)...
         Starting Create Volatile Files and Directories...
         Starting LSB: AppArmor initialization...
         Starting Set console font and keymap...
         Starting Tell Plymouth To Write Out Runtime Data...
[[0;32m  OK  [0m] Started Tell Plymouth To Write Out Runtime Data.
[[0;32m  OK  [0m] Started Create Volatile Files and Directories.
         Starting Update UTMP about System Boot/Shutdown...
[[0;32m  OK  [0m] Listening on Load/Save RF Kill Switch Status /dev/rfkill Watch.
[[0;32m  OK  [0m] Started Update UTMP about System Boot/Shutdown.
[[0;32m  OK  [0m] Found device 82540EM Gigabit Ethern...r (PRO/1000 MT Desktop Adapter).
[[0;32m  OK  [0m] Started LSB: AppArmor initialization.
         Starting Load AppArmor profiles managed internally by snapd...
[[0;32m  OK  [0m] Started Load AppArmor profiles managed internally by snapd.
[    8.834044] cloud-init[551]: Cloud-init v. 21.1-19-gbad84ad4-0ubuntu1~16.04.2 running 'init-local' at Mon, 25 Apr 2022 08:25:43 +0000. Up 8.49 seconds.
[[0;32m  OK  [0m] Started Initial cloud-init job (pre-networking).
[[0;32m  OK  [0m] Reached target Network (Pre).
[[0;32m  OK  [0m] Started ifup for enp0s8.
         Starting Raise network interfaces...
[[0;32m  OK  [0m] Started ifup for enp0s3.
[[0;32m  OK  [0m] Started Set console font and keymap.
[[0;32m  OK  [0m] Created slice system-getty.slice.
[[0;32m  OK  [0m] Started Raise network interfaces.
[[0;32m  OK  [0m] Reached target Network.
         Starting Initial cloud-init job (metadata service crawler)...
[    9.624914] cloud-init[1077]: Cloud-init v. 21.1-19-gbad84ad4-0ubuntu1~16.04.2 running 'init' at Mon, 25 Apr 2022 08:25:44 +0000. Up 9.38 seconds.
[    9.636408] cloud-init[1077]: ci-info: ++++++++++++++++++++++++++++++++++++++Net device info+++++++++++++++++++++++++++++++++++++++
[    9.644459] cloud-init[1077]: ci-info: +--------+------+-----------------------------+---------------+--------+-------------------+
[    9.646667] cloud-init[1077]: ci-info: | Device |  Up  |           Address           |      Mask     | Scope  |     Hw-Address    |
[    9.648724] cloud-init[1077]: ci-info: +--------+------+-----------------------------+---------------+--------+-------------------+
[    9.656541] cloud-init[1077]: ci-info: | enp0s3 | True |          10.0.2.15          | 255.255.255.0 | global | 02:be:82:6b:cc:1d |
[    9.660041] cloud-init[1077]: ci-info: | enp0s3 | True |  fe80::be:82ff:fe6b:cc1d/64 |       .       |  link  | 02:be:82:6b:cc:1d |
[    9.663313] cloud-init[1077]: ci-info: | enp0s8 | True |        192.168.56.10        | 255.255.255.0 | global | 08:00:27:ef:2d:aa |
[    9.668522] cloud-init[1077]: ci-info: | enp0s8 | True | fe80::a00:27ff:feef:2daa/64 |       .       |  link  | 08:00:27:ef:2d:aa |
[    9.672434] cloud-init[1077]: ci-info: |   lo   | True |          127.0.0.1          |   255.0.0.0   |  host  |         .         |
[    9.676787] cloud-init[1077]: ci-info: |   lo   | True |           ::1/128           |       .       |  host  |         .         |
[    9.680916] cloud-init[1077]: ci-info: +--------+------+-----------------------------+---------------+--------+-------------------+
[    9.684637] cloud-init[1077]: ci-info: ++++++++++++++++++++++++++++Route IPv4 info++++++++++++++++++++++++++++
[    9.688713] cloud-init[1077]: ci-info: +-------+--------------+----------+---------------+-----------+-------+
[    9.695242] cloud-init[1077]: ci-info: | Route | Destination  | Gateway  |    Genmask    | Interface | Flags |
[    9.700793] cloud-init[1077]: ci-info: +-------+--------------+----------+---------------+-----------+-------+
[    9.708539] cloud-init[1077]: ci-info: |   0   |   0.0.0.0    | 10.0.2.2 |    0.0.0.0    |   enp0s3  |   UG  |
[    9.712746] cloud-init[1077]: ci-info: |   1   |   10.0.2.0   | 0.0.0.0  | 255.255.255.0 |   enp0s3  |   U   |
[    9.716538] cloud-init[1077]: ci-info: |   2   | 192.168.56.0 | 0.0.0.0  | 255.255.255.0 |   enp0s8  |   U   |
[    9.720451] cloud-init[1077]: ci-info: +-------+--------------+----------+---------------+-----------+-------+
[    9.724576] cloud-init[1077]: ci-info: +++++++++++++++++++Route IPv6 info+++++++++++++++++++
[    9.729383] cloud-init[1077]: ci-info: +-------+-------------+---------+-----------+-------+
[    9.734760] cloud-init[1077]: ci-info: | Route | Destination | Gateway | Interface | Flags |
[    9.738348] cloud-init[1077]: ci-info: +-------+-------------+---------+-----------+-------+
[[0;32m  OK  [0m] Started Initial cloud-init job (metadata service crawler).
[[0;32m  OK  [0m] Reached target Network is Online.
[    9.738577] cloud-init[1077]: ci-info: |   0   |  fe80::/64  |    ::   |   enp0s8  |   U   |
[    9.749223] cloud-init[1077]: ci-info: |   1   |  fe80::/64  |    ::   |   enp0s3  |   U   |
[    9.753959] cloud-init[1077]: ci-info: |   4   |   ff00::/8  |    ::   |   enp0s8  |   U   |
[    9.758825] cloud-init[1077]: ci-info: |   5   |   ff00::/8  |    ::   |   enp0s3  |   U   |
[    9.761668] cloud-init[1077]: ci-info: +-------+-------------+---------+-----------+-------+
         Starting iSCSI initiator daemon (iscsid)...
[[0;32m  OK  [0m] Reached target System Initialization.
         Starting Socket activation for snappy daemon.
[[0;32m  OK  [0m] Listening on D-Bus System Message Bus Socket.
[[0;32m  OK  [0m] Listening on ACPID Listen Socket.
[[0;32m  OK  [0m] Started Message of the Day.
[[0;32m  OK  [0m] Started Ubuntu Advantage Timer for running repeated jobs.
[[0;32m  OK  [0m] Started Trigger to poll for Ubuntu ...nly enabled on GCP LTS non-pro).
[[0;32m  OK  [0m] Started Daily apt download activities.
[[0;32m  OK  [0m] Started Daily Cleanup of Temporary Directories.
         Starting LXD - unix socket.
[[0;32m  OK  [0m] Started Daily apt upgrade and clean activities.
[[0;32m  OK  [0m] Reached target Timers.
[[0;32m  OK  [0m] Started ACPI Events Check.
[[0;32m  OK  [0m] Reached target Paths.
[[0;32m  OK  [0m] Listening on UUID daemon activation socket.
[[0;32m  OK  [0m] Reached target Cloud-config availability.
[[0;32m  OK  [0m] Listening on Socket activation for snappy daemon.
[[0;32m  OK  [0m] Listening on LXD - unix socket.
[[0;32m  OK  [0m] Started iSCSI initiator daemon (iscsid).
         Starting Login to default iSCSI targets...
[[0;32m  OK  [0m] Reached target Sockets.
[[0;32m  OK  [0m] Reached target Basic System.
[[0;32m  OK  [0m] Started Regular background program processing daemon.
         Starting LSB: Record successful boot for GRUB...
[[0;32m  OK  [0m] Started FUSE filesystem for LXC.
         Starting /etc/rc.local Compatibility...
         Starting Message of the Day...
         Starting LSB: MD monitoring daemon...
[[0;32m  OK  [0m] Started ACPI event daemon.
         Starting System Logging Service...
         Starting Virtualbox guest utils...
         Starting OpenBSD Secure Shell server...
         Starting LXD - container startup/shutdown...
[[0;32m  OK  [0m] Started D-Bus System Message Bus.
         Starting Accounts Service...
         Starting Login Service...
         Starting A high performance web server and a reverse proxy server...
[[0;32m  OK  [0m] Started Deferred execution scheduler.
         Starting Snap Daemon...
[[0;32m  OK  [0m] Started System Logging Service.
[[0;32m  OK  [0m] Started /etc/rc.local Compatibility.
[[0;32m  OK  [0m] Started Message of the Day.
[[0;32m  OK  [0m] Started OpenBSD Secure Shell server.
[[0;32m  OK  [0m] Started Login Service.
[[0;32m  OK  [0m] Started LSB: Record successful boot for GRUB.
[[0;32m  OK  [0m] Started Login to default iSCSI targets.
[[0;32m  OK  [0m] Started LSB: MD monitoring daemon.
         Starting Authenticate and Authorize Users to Run Privileged Tasks...
[[0;32m  OK  [0m] Reached target Remote File Systems (Pre).
         Mounting /home/vagrant/app...
[[0;32m  OK  [0m] Started Unattended Upgrades Shutdown.
[[0;32m  OK  [0m] Started LXD - container startup/shutdown.
[[0;32m  OK  [0m] Mounted /home/vagrant/app.
[[0;32m  OK  [0m] Reached target Remote File Systems.
         Starting LSB: Set the CPU Frequency Scaling governor to "ondemand"...
         Starting Permit User Sessions...
         Starting LSB: automatic crash report generation...
         Starting LSB: daemon to balance interrupts for SMP systems...
[[0;32m  OK  [0m] Started Virtualbox guest utils.
[[0;32m  OK  [0m] Started Authenticate and Authorize Users to Run Privileged Tasks.
[[0;32m  OK  [0m] Started Permit User Sessions.
[[0;32m  OK  [0m] Started Accounts Service.
         Starting Terminate Plymouth Boot Screen...
         Starting Hold until boot process finishes up...
[[0;32m  OK  [0m] Started Hold until boot process finishes up.
         Starting Set console scheme...
[[0;32m  OK  [0m] Started Serial Getty on ttyS0.
[[0;32m  OK  [0m] Started Getty on tty1.
[[0;32m  OK  [0m] Reached target Login Prompts.
[[0;32m  OK  [0m] Started LSB: Set the CPU Frequency Scaling governor to "ondemand".
[[0;32m  OK  [0m] Started A high performance web server and a reverse proxy server.
[[0;32m  OK  [0m] Started LSB: automatic crash report generation.
[[0;32m  OK  [0m] Started LSB: daemon to balance interrupts for SMP systems.
[[0;32m  OK  [0m] Started Terminate Plymouth Boot Screen.
[[0;32m  OK  [0m] Started Set console scheme.
[[0;32m  OK  [0m] Started Snap Daemon.
         Starting Wait until snapd is fully seeded...
[[0;32m  OK  [0m] Started Wait until snapd is fully seeded.
[[0;32m  OK  [0m] Reached target Multi-User System.
[[0;32m  OK  [0m] Reached target Graphical Interface.
         Starting Update UTMP about System Runlevel Changes...
         Starting Apply the settings specified in cloud-config...
[[0;32m  OK  [0m] Started Update UTMP about System Runlevel Changes.
[   10.952851] cloud-init[1356]: Cloud-init v. 21.1-19-gbad84ad4-0ubuntu1~16.04.2 running 'modules:config' at Mon, 25 Apr 2022 08:25:46 +0000. Up 10.81 seconds.
[[0;32m  OK  [0m] Started Apply the settings specified in cloud-config.
         Starting Execute cloud user/final scripts...
[   11.403857] cloud-init[1369]: Cloud-init v. 21.1-19-gbad84ad4-0ubuntu1~16.04.2 running 'modules:final' at Mon, 25 Apr 2022 08:25:46 +0000. Up 11.29 seconds.
[   11.409292] cloud-init[1369]: Cloud-init v. 21.1-19-gbad84ad4-0ubuntu1~16.04.2 finished at Mon, 25 Apr 2022 08:25:46 +0000. Datasource DataSourceNoCloud [seed=/dev/sdb][dsmode=net].  Up 11.39 seconds
[[0;32m  OK  [0m] Started Execute cloud user/final scripts.
[[0;32m  OK  [0m] Reached target Cloud-init target.
         Starting Daily apt download activities...
[[0;32m  OK  [0m] Created slice User Slice of vagrant.
         Starting User Manager for UID 1000...
[[0;32m  OK  [0m] Started Session 1 of user vagrant.
[[0;32m  OK  [0m] Started User Manager for UID 1000.

Ubuntu 16.04.7 LTS ubuntu-xenial ttyS0

ubuntu-xenial login:          Stopping User Manager for UID 1000...
[[0;32m  OK  [0m] Stopped target Timers.
[[0;32m  OK  [0m] Stopped Ubuntu Advantage Timer for running repeated jobs.
[[0;32m  OK  [0m] Stopped Daily apt upgrade and clean activities.
[[0;32m  OK  [0m] Stopped Daily apt download activities.
         Stopping ACPI event daemon...
         Stopping Session 3 of user vagrant.
         Stopping Authenticate and Authorize Users to Run Privileged Tasks...
[[0;32m  OK  [0m] Stopped target Graphical Interface.
         Stopping Accounts Service...
[[0;32m  OK  [0m] Stopped target Cloud-init target.
[[0;32m  OK  [0m] Stopped Message of the Day.
[[0;32m  OK  [0m] Closed Load/Save RF Kill Switch Status /dev/rfkill Watch.
[[0;32m  OK  [0m] Stopped target System Time Synchronized.
[[0;32m  OK  [0m] Stopped Execute cloud user/final scripts.
[[0;32m  OK  [0m] Stopped Apply the settings specified in cloud-config.
[[0;32m  OK  [0m] Stopped target Cloud-config availability.
[[0;32m  OK  [0m] Stopped target Multi-User System.
         Stopping A high performance web server and a reverse proxy server...
         Stopping Deferred execution scheduler...
         Stopping System Logging Service...
         Stopping LXD - container startup/shutdown...
         Stopping D-Bus System Message Bus...
         Stopping Regular background program processing daemon...
         Stopping LSB: automatic crash report generation...
         Stopping OpenBSD Secure Shell server...
[[0;32m  OK  [0m] Stopped Wait until snapd is fully seeded.
         Stopping LSB: MD monitoring daemon...
[[0;32m  OK  [0m] Stopped target Login Prompts.
         Stopping Serial Getty on ttyS0...
         Stopping LSB: Set the CPU Frequency Scaling governor to "ondemand"...
         Stopping LSB: daemon to balance interrupts for SMP systems...
         Stopping LSB: Record successful boot for GRUB...
         Stopping FUSE filesystem for LXC...
[[0;32m  OK  [0m] Stopped Daily Cleanup of Temporary Directories.
         Stopping Getty on tty1...
         Stopping Virtualbox guest utils...
[[0;32m  OK  [0m] Unmounted /var/lib/lxcfs.
[[0;32m  OK  [0m] Stopped Regular background program processing daemon.
[[0;32m  OK  [0m] Stopped ACPI event daemon.
[[0;32m  OK  [0m] Stopped System Logging Service.
[[0;32m  OK  [0m] Stopped Accounts Service.
[[0;32m  OK  [0m] Stopped Deferred execution scheduler.
[[0;32m  OK  [0m] Stopped OpenBSD Secure Shell server.
[[0;32m  OK  [0m] Stopped Authenticate and Authorize Users to Run Privileged Tasks.
[[0;32m  OK  [0m] Stopped Serial Getty on ttyS0.
[[0;32m  OK  [0m] Stopped Getty on tty1.
[[0;32m  OK  [0m] Stopped User Manager for UID 1000.
[[0;32m  OK  [0m] Stopped Session 3 of user vagrant.
[[0;32m  OK  [0m] Stopped A high performance web server and a reverse proxy server.
[[0;32m  OK  [0m] Stopped D-Bus System Message Bus.
[[0;32m  OK  [0m] Stopped FUSE filesystem for LXC.
[[0;32m  OK  [0m] Stopped LXD - container startup/shutdown.
[[0;32m  OK  [0m] Stopped LSB: MD monitoring daemon.
[[0;32m  OK  [0m] Stopped LSB: daemon to balance interrupts for SMP systems.
[[0;32m  OK  [0m] Stopped LSB: Set the CPU Frequency Scaling governor to "ondemand".
[[0;32m  OK  [0m] Removed slice User Slice of vagrant.
         Stopping Login Service...
[[0;32m  OK  [0m] Removed slice system-getty.slice.
[[0;32m  OK  [0m] Stopped /etc/rc.local Compatibility.
         Stopping Permit User Sessions...
[[0;32m  OK  [0m] Removed slice system-serial\x2dgetty.slice.
[[0;32m  OK  [0m] Stopped LSB: automatic crash report generation.
[[0;32m  OK  [0m] Stopped LSB: Record successful boot for GRUB.
[[0;32m  OK  [0m] Stopped Virtualbox guest utils.
[[0;32m  OK  [0m] Stopped Permit User Sessions.
[[0;32m  OK  [0m] Stopped target Remote File Systems.
         Unmounting /home/vagrant/app...
[[0;32m  OK  [0m] Stopped Login Service.
[[0;32m  OK  [0m] Stopped target Basic System.
[[0;32m  OK  [0m] Stopped target Slices.
[[0;32m  OK  [0m] Stopped target Paths.
[[0;32m  OK  [0m] Stopped Forward Password Requests to Wall Directory Watch.
[[0;32m  OK  [0m] Stopped ACPI Events Check.
[[0;32m  OK  [0m] Stopped Dispatch Password Requests to Console Directory Watch.
[[0;32m  OK  [0m] Stopped Trigger to poll for Ubuntu ...nly enabled on GCP LTS non-pro).
[[0;32m  OK  [0m] Stopped target Sockets.
[[0;32m  OK  [0m] Closed Syslog Socket.
[[0;32m  OK  [0m] Closed Socket activation for snappy daemon.
[[0;32m  OK  [0m] Closed ACPID Listen Socket.
[[0;32m  OK  [0m] Closed LXD - unix socket.
[[0;32m  OK  [0m] Closed UUID daemon activation socket.
[[0;32m  OK  [0m] Closed D-Bus System Message Bus Socket.
[[0;32m  OK  [0m] Stopped target System Initialization.
         Stopping Load/Save Random Seed...
         Stopping Update UTMP about System Boot/Shutdown...
[[0;32m  OK  [0m] Stopped target Encrypted Volumes.
[[0;32m  OK  [0m] Stopped target Swap.
[[0;32m  OK  [0m] Stopped target User and Group Name Lookups.
[[0;32m  OK  [0m] Removed slice User and Session Slice.
[[0;32m  OK  [0m] Unmounted /home/vagrant/app.
[[0;32m  OK  [0m] Stopped Load/Save Random Seed.
[[0;32m  OK  [0m] Stopped Update UTMP about System Boot/Shutdown.
[[0;32m  OK  [0m] Stopped Create Volatile Files and Directories.
[[0;32m  OK  [0m] Stopped target Remote File Systems (Pre).
         Stopping Login to default iSCSI targets...
[[0;32m  OK  [0m] Stopped Login to default iSCSI targets.
         Stopping iSCSI initiator daemon (iscsid)...
[[0;32m  OK  [0m] Stopped iSCSI initiator daemon (iscsid).
[[0;32m  OK  [0m] Stopped target Network is Online.
[[0;32m  OK  [0m] Stopped Initial cloud-init job (metadata service crawler).
[[0;32m  OK  [0m] Stopped target Network.
         Stopping Raise network interfaces...
[[0;32m  OK  [0m] Stopped Raise network interfaces.
[[0;32m  OK  [0m] Stopped target Local File Systems.
         Unmounting /run/user/1000...
[[0;32m  OK  [0m] Stopped Apply Kernel Variables.
[[0;32m  OK  [0m] Stopped Load Kernel Modules.
[[0;32m  OK  [0m] Stopped target Network (Pre).
[[0;32m  OK  [0m] Stopped Initial cloud-init job (pre-networking).
[[0;32m  OK  [0m] Unmounted /run/user/1000.
[[0;32m  OK  [0m] Reached target Unmount All Filesystems.
[[0;32m  OK  [0m] Stopped target Local File Systems (Pre).
[[0;32m  OK  [0m] Stopped Create Static Device Nodes in /dev.
         Stopping Monitoring of LVM2 mirrors... dmeventd or progress polling...
[[0;32m  OK  [0m] Stopped Remount Root and Kernel File Systems.
[[0;32m  OK  [0m] Reached target Shutdown.
[ 1420.076810] reboot: Power down
