[    0.000000] Initializing cgroup subsys cpuset
[    0.000000] Initializing cgroup subsys cpu
[    0.000000] Initializing cgroup subsys cpuacct
[    0.000000] Linux version 4.4.0-210-generic (buildd@lgw01-amd64-009) (gcc version 5.4.0 20160609 (Ubuntu 5.4.0-6ubuntu1~16.04.12) ) #242-Ubuntu SMP Fri Apr 16 09:57:56 UTC 2021 (Ubuntu 4.4.0-210.242-generic 4.4.262)
[    0.000000] Command line: BOOT_IMAGE=/boot/vmlinuz-4.4.0-210-generic root=LABEL=cloudimg-rootfs ro console=tty1 console=ttyS0
[    0.000000] KERNEL supported cpus:
[    0.000000]   Intel GenuineIntel
[    0.000000]   AMD AuthenticAMD
[    0.000000]   Centaur CentaurHauls
[    0.000000] x86/fpu: xstate_offset[2]:  576, xstate_sizes[2]:  256
[    0.000000] x86/fpu: Supporting XSAVE feature 0x01: 'x87 floating point registers'
[    0.000000] x86/fpu: Supporting XSAVE feature 0x02: 'SSE registers'
[    0.000000] x86/fpu: Supporting XSAVE feature 0x04: 'AVX registers'
[    0.000000] x86/fpu: Enabled xstate features 0x7, context size is 832 bytes, using 'standard' format.
[    0.000000] e820: BIOS-provided physical RAM map:
[    0.000000] BIOS-e820: [mem 0x0000000000000000-0x000000000009fbff] usable
[    0.000000] BIOS-e820: [mem 0x000000000009fc00-0x000000000009ffff] reserved
[    0.000000] BIOS-e820: [mem 0x00000000000f0000-0x00000000000fffff] reserved
[    0.000000] BIOS-e820: [mem 0x0000000000100000-0x000000003ffeffff] usable
[    0.000000] BIOS-e820: [mem 0x000000003fff0000-0x000000003fffffff] ACPI data
[    0.000000] BIOS-e820: [mem 0x00000000fec00000-0x00000000fec00fff] reserved
[    0.000000] BIOS-e820: [mem 0x00000000fee00000-0x00000000fee00fff] reserved
[    0.000000] BIOS-e820: [mem 0x00000000fffc0000-0x00000000ffffffff] reserved
[    0.000000] NX (Execute Disable) protection: active
[    0.000000] SMBIOS 2.5 present.
[    0.000000] Hypervisor detected: KVM
[    0.000000] e820: last_pfn = 0x3fff0 max_arch_pfn = 0x400000000
[    0.000000] MTRR: Disabled
[    0.000000] x86/PAT: MTRRs disabled, skipping PAT initialization too.
[    0.000000] CPU MTRRs all blank - virtualized system.
[    0.000000] x86/PAT: Configuration [0-7]: WB  WT  UC- UC  WB  WT  UC- UC  
[    0.000000] found SMP MP-table at [mem 0x0009fff0-0x0009ffff] mapped at [ffff88000009fff0]
[    0.000000] Scanning 1 areas for low memory corruption
[    0.000000] RAMDISK: [mem 0x362dc000-0x37165fff]
[    0.000000] ACPI: Early table checksum verification disabled
[    0.000000] ACPI: RSDP 0x00000000000E0000 000024 (v02 VBOX  )
[    0.000000] ACPI: XSDT 0x000000003FFF0030 00003C (v01 VBOX   VBOXXSDT 00000001 ASL  00000061)
[    0.000000] ACPI: FACP 0x000000003FFF00F0 0000F4 (v04 VBOX   VBOXFACP 00000001 ASL  00000061)
[    0.000000] ACPI: DSDT 0x000000003FFF0470 002325 (v02 VBOX   VBOXBIOS 00000002 INTL 20120111)
[    0.000000] ACPI: FACS 0x000000003FFF0200 000040
[    0.000000] ACPI: FACS 0x000000003FFF0200 000040
[    0.000000] ACPI: APIC 0x000000003FFF0240 00005C (v02 VBOX   VBOXAPIC 00000001 ASL  00000061)
[    0.000000] ACPI: SSDT 0x000000003FFF02A0 0001CC (v01 VBOX   VBOXCPUT 00000002 INTL 20120111)
[    0.000000] No NUMA configuration found
[    0.000000] Faking a node at [mem 0x0000000000000000-0x000000003ffeffff]
[    0.000000] NODE_DATA(0) allocated [mem 0x3ffeb000-0x3ffeffff]
[    0.000000] kvm-clock: Using msrs 4b564d01 and 4b564d00
[    0.000000] kvm-clock: cpu 0, msr 0:3ffe3001, primary cpu clock
[    0.000000] kvm-clock: using sched offset of 4252786873 cycles
[    0.000000] clocksource: kvm-clock: mask: 0xffffffffffffffff max_cycles: 0x1cd42e4dffb, max_idle_ns: 881590591483 ns
[    0.000000] Zone ranges:
[    0.000000]   DMA      [mem 0x0000000000001000-0x0000000000ffffff]
[    0.000000]   DMA32    [mem 0x0000000001000000-0x000000003ffeffff]
[    0.000000]   Normal   empty
[    0.000000]   Device   empty
[    0.000000] Movable zone start for each node
[    0.000000] Early memory node ranges
[    0.000000]   node   0: [mem 0x0000000000001000-0x000000000009efff]
[    0.000000]   node   0: [mem 0x0000000000100000-0x000000003ffeffff]
[    0.000000] Initmem setup node 0 [mem 0x0000000000001000-0x000000003ffeffff]
[    0.000000] ACPI: PM-Timer IO Port: 0x4008
[    0.000000] IOAPIC[0]: apic_id 2, version 32, address 0xfec00000, GSI 0-23
[    0.000000] ACPI: INT_SRC_OVR (bus 0 bus_irq 0 global_irq 2 dfl dfl)
[    0.000000] ACPI: INT_SRC_OVR (bus 0 bus_irq 9 global_irq 9 low level)
[    0.000000] Using ACPI (MADT) for SMP configuration information
[    0.000000] smpboot: Allowing 2 CPUs, 0 hotplug CPUs
[    0.000000] PM: Registered nosave memory: [mem 0x00000000-0x00000fff]
[    0.000000] PM: Registered nosave memory: [mem 0x0009f000-0x0009ffff]
[    0.000000] PM: Registered nosave memory: [mem 0x000a0000-0x000effff]
[    0.000000] PM: Registered nosave memory: [mem 0x000f0000-0x000fffff]
[    0.000000] e820: [mem 0x40000000-0xfebfffff] available for PCI devices
[    0.000000] Booting paravirtualized kernel on KVM
[    0.000000] clocksource: refined-jiffies: mask: 0xffffffff max_cycles: 0xffffffff, max_idle_ns: 7645519600211568 ns
[    0.000000] setup_percpu: NR_CPUS:512 nr_cpumask_bits:512 nr_cpu_ids:2 nr_node_ids:1
[    0.000000] PERCPU: Embedded 33 pages/cpu @ffff88003fc00000 s95192 r8192 d31784 u1048576
[    0.000000] Built 1 zonelists in Node order, mobility grouping on.  Total pages: 257912
[    0.000000] Policy zone: DMA32
[    0.000000] Kernel command line: BOOT_IMAGE=/boot/vmlinuz-4.4.0-210-generic root=LABEL=cloudimg-rootfs ro console=tty1 console=ttyS0
[    0.000000] PID hash table entries: 4096 (order: 3, 32768 bytes)
[    0.000000] Memory: 997792K/1048120K available (8644K kernel code, 1332K rwdata, 4044K rodata, 1492K init, 1164K bss, 50328K reserved, 0K cma-reserved)
[    0.000000] SLUB: HWalign=64, Order=0-3, MinObjects=0, CPUs=2, Nodes=1
[    0.000000] Kernel/User page tables isolation: enabled
[    0.000000] Hierarchical RCU implementation.
[    0.000000] 	Build-time adjustment of leaf fanout to 64.
[    0.000000] 	RCU restricting CPUs from NR_CPUS=512 to nr_cpu_ids=2.
[    0.000000] RCU: Adjusting geometry for rcu_fanout_leaf=64, nr_cpu_ids=2
[    0.000000] NR_IRQS:33024 nr_irqs:440 16
[    0.000000] Console: colour VGA+ 80x25
[    0.000000] console [tty1] enabled
[    0.000000] console [ttyS0] enabled
[    0.000000] tsc: Detected 2494.226 MHz processor
[    0.436939] Calibrating delay loop (skipped) preset value.. 4988.45 BogoMIPS (lpj=9976904)
[    0.456232] pid_max: default: 32768 minimum: 301
[    0.462415] ACPI: Core revision 20150930
[    0.467436] ACPI: 2 ACPI AML tables successfully acquired and loaded
[    0.479025] Security Framework initialized
[    0.495484] Yama: becoming mindful.
[    0.499452] AppArmor: AppArmor initialized
[    0.503071] Dentry cache hash table entries: 131072 (order: 8, 1048576 bytes)
[    0.512549] Inode-cache hash table entries: 65536 (order: 7, 524288 bytes)
[    0.529887] Mount-cache hash table entries: 2048 (order: 2, 16384 bytes)
[    0.536795] Mountpoint-cache hash table entries: 2048 (order: 2, 16384 bytes)
[    0.559609] Initializing cgroup subsys io
[    0.568310] Initializing cgroup subsys memory
[    0.576608] Initializing cgroup subsys devices
[    0.586637] Initializing cgroup subsys freezer
[    0.597271] Initializing cgroup subsys net_cls
[    0.604088] Initializing cgroup subsys perf_event
[    0.614167] Initializing cgroup subsys net_prio
[    0.627074] Initializing cgroup subsys hugetlb
[    0.634512] Initializing cgroup subsys pids
[    0.667811] mce: CPU supports 0 MCE banks
[    0.672515] Last level iTLB entries: 4KB 1024, 2MB 1024, 4MB 1024
[    0.695264] Last level dTLB entries: 4KB 1024, 2MB 1024, 4MB 1024, 1GB 4
[    0.701984] Spectre V1 : Mitigation: usercopy/swapgs barriers and __user pointer sanitization
[    0.716437] Spectre V2 : Mitigation: Full generic retpoline
[    0.722241] Spectre V2 : Spectre v2 / SpectreRSB mitigation: Filling RSB on context switch
[    0.733641] Speculative Store Bypass: Vulnerable
[    0.738728] SRBDS: Unknown: Dependent on hypervisor status
[    0.748619] MDS: Mitigation: Clear CPU buffers
[    0.756383] Freeing SMP alternatives memory: 36K
[    0.774524] ftrace: allocating 32380 entries in 127 pages
[    0.869095] smpboot: APIC(0) Converting physical 0 to logical package 0
[    0.875049] smpboot: Max logical packages: 1
[    0.879580] x2apic enabled
[    0.881272] Switched APIC routing to physical x2apic.
[    0.885022] ..TIMER: vector=0x30 apic1=0 pin1=2 apic2=-1 pin2=-1
[    0.997186] smpboot: CPU0: Intel(R) Core(TM) i7-4870HQ CPU @ 2.50GHz (family: 0x6, model: 0x46, stepping: 0x1)
[    1.003113] Performance Events: unsupported p6 CPU model 70 no PMU driver, software events only.
[    1.024495] KVM setup paravirtual spinlock
[    1.029406] x86: Booting SMP configuration:
[    1.030607] .... node  #0, CPUs:      #1
[    1.032318] kvm-clock: cpu 1, msr 0:3ffe3041, secondary cpu clock
[    1.047050] mce: CPU supports 0 MCE banks
[    1.051487] x86: Booted up 1 node, 2 CPUs
[    1.053840] smpboot: Total of 2 processors activated (9976.90 BogoMIPS)
[    1.056041] devtmpfs: initialized
[    1.058608] evm: security.selinux
[    1.060227] evm: security.SMACK64
[    1.061519] evm: security.SMACK64EXEC
[    1.063267] evm: security.SMACK64TRANSMUTE
[    1.065757] evm: security.SMACK64MMAP
[    1.067201] evm: security.ima
[    1.068110] evm: security.capability
[    1.069681] clocksource: jiffies: mask: 0xffffffff max_cycles: 0xffffffff, max_idle_ns: 7645041785100000 ns
[    1.072037] futex hash table entries: 512 (order: 3, 32768 bytes)
[    1.074184] pinctrl core: initialized pinctrl subsystem
[    1.076668] RTC time: 12:57:56, date: 04/20/22
[    1.078230] NET: Registered protocol family 16
[    1.090291] cpuidle: using governor ladder
[    1.102143] cpuidle: using governor menu
[    1.103255] PCCT header not found.
[    1.104300] ACPI: bus type PCI registered
[    1.105288] acpiphp: ACPI Hot Plug PCI Controller Driver version: 0.5
[    1.107430] PCI: Using configuration type 1 for base access
[    1.122613] ACPI: Added _OSI(Module Device)
[    1.123658] ACPI: Added _OSI(Processor Device)
[    1.125196] ACPI: Added _OSI(3.0 _SCP Extensions)
[    1.127696] ACPI: Added _OSI(Processor Aggregator Device)
[    1.130952] ACPI: Executed 1 blocks of module-level executable AML code
[    1.136491] ACPI: Interpreter enabled
[    1.138010] ACPI: (supports S0 S5)
[    1.139652] ACPI: Using IOAPIC for interrupt routing
[    1.141376] PCI: Using host bridge windows from ACPI; if necessary, use "pci=nocrs" and report a bug
[    1.150074] ACPI: PCI Root Bridge [PCI0] (domain 0000 [bus 00-ff])
[    1.152207] acpi PNP0A03:00: _OSC: OS supports [ASPM ClockPM Segments MSI]
[    1.155691] acpi PNP0A03:00: _OSC: not requesting OS control; OS requires [ExtendedConfig ASPM ClockPM MSI]
[    1.161142] acpi PNP0A03:00: fail to add MMCONFIG information, can't access extended PCI configuration space under this bridge.
[    1.165693] PCI host bridge to bus 0000:00
[    1.167145] pci_bus 0000:00: root bus resource [io  0x0000-0x0cf7 window]
[    1.169105] pci_bus 0000:00: root bus resource [io  0x0d00-0xffff window]
[    1.171167] pci_bus 0000:00: root bus resource [mem 0x000a0000-0x000bffff window]
[    1.173570] pci_bus 0000:00: root bus resource [mem 0x40000000-0xfdffffff window]
[    1.176000] pci_bus 0000:00: root bus resource [bus 00-ff]
[    1.179810] pci 0000:00:01.1: legacy IDE quirk: reg 0x10: [io  0x01f0-0x01f7]
[    1.181560] pci 0000:00:01.1: legacy IDE quirk: reg 0x14: [io  0x03f6]
[    1.183148] pci 0000:00:01.1: legacy IDE quirk: reg 0x18: [io  0x0170-0x0177]
[    1.194572] pci 0000:00:01.1: legacy IDE quirk: reg 0x1c: [io  0x0376]
[    1.212392] pci 0000:00:07.0: quirk: [io  0x4000-0x403f] claimed by PIIX4 ACPI
[    1.214306] pci 0000:00:07.0: quirk: [io  0x4100-0x410f] claimed by PIIX4 SMB
[    1.228568] ACPI: PCI Interrupt Link [LNKA] (IRQs 5 9 10 *11)
[    1.230855] ACPI: PCI Interrupt Link [LNKB] (IRQs 5 9 *10 11)
[    1.232820] ACPI: PCI Interrupt Link [LNKC] (IRQs 5 *9 10 11)
[    1.234526] ACPI: PCI Interrupt Link [LNKD] (IRQs 5 9 10 *11)
[    1.236672] ACPI: Enabled 2 GPEs in block 00 to 07
[    1.238276] vgaarb: setting as boot device: PCI:0000:00:02.0
[    1.239530] vgaarb: device added: PCI:0000:00:02.0,decodes=io+mem,owns=io+mem,locks=none
[    1.241788] vgaarb: loaded
[    1.242999] vgaarb: bridge control possible 0000:00:02.0
[    1.244935] SCSI subsystem initialized
[    1.246948] ACPI: bus type USB registered
[    1.249022] usbcore: registered new interface driver usbfs
[    1.250732] usbcore: registered new interface driver hub
[    1.252488] usbcore: registered new device driver usb
[    1.256357] PCI: Using ACPI for IRQ routing
[    1.258674] NetLabel: Initializing
[    1.260882] NetLabel:  domain hash size = 128
[    1.262610] NetLabel:  protocols = UNLABELED CIPSOv4
[    1.263918] NetLabel:  unlabeled traffic allowed by default
[    1.265803] amd_nb: Cannot enumerate AMD northbridges
[    1.267536] clocksource: Switched to clocksource kvm-clock
[    1.277790] AppArmor: AppArmor Filesystem Enabled
[    1.279548] pnp: PnP ACPI init
[    1.282428] pnp: PnP ACPI: found 3 devices
[    1.291690] clocksource: acpi_pm: mask: 0xffffff max_cycles: 0xffffff, max_idle_ns: 2085701024 ns
[    1.294831] NET: Registered protocol family 2
[    1.296024] TCP established hash table entries: 8192 (order: 4, 65536 bytes)
[    1.297821] TCP bind hash table entries: 8192 (order: 5, 131072 bytes)
[    1.299461] TCP: Hash tables configured (established 8192 bind 8192)
[    1.300879] UDP hash table entries: 512 (order: 2, 16384 bytes)
[    1.302372] UDP-Lite hash table entries: 512 (order: 2, 16384 bytes)
[    1.303850] NET: Registered protocol family 1
[    1.304960] pci 0000:00:00.0: Limiting direct PCI/PCI transfers
[    1.306577] pci 0000:00:01.0: Activating ISA DMA hang workarounds
[    1.308449] Unpacking initramfs...
[    1.530783] Freeing initrd memory: 14888K
[    1.533325] clocksource: tsc: mask: 0xffffffffffffffff max_cycles: 0x23f3eb3743e, max_idle_ns: 440795257847 ns
[    1.536609] platform rtc_cmos: registered platform RTC device (no PNP device found)
[    1.539180] Scanning for low memory corruption every 60 seconds
[    1.541649] audit: initializing netlink subsys (disabled)
[    1.546381] audit: type=2000 audit(1650459481.669:1): initialized
[    1.552811] Initialise system trusted keyring
[    1.555601] HugeTLB registered 2 MB page size, pre-allocated 0 pages
[    1.561610] zbud: loaded
[    1.563092] VFS: Disk quotas dquot_6.6.0
[    1.564981] VFS: Dquot-cache hash table entries: 512 (order 0, 4096 bytes)
[    1.567214] squashfs: version 4.0 (2009/01/31) Phillip Lougher
[    1.571617] fuse init (API version 7.23)
[    1.573459] Key type big_key registered
[    1.576336] Allocating IMA MOK and blacklist keyrings.
[    1.581443] Key type asymmetric registered
[    1.582509] Asymmetric key parser 'x509' registered
[    1.583680] Block layer SCSI generic (bsg) driver version 0.4 loaded (major 249)
[    1.588071] io scheduler noop registered
[    1.589353] io scheduler deadline registered (default)
[    1.590733] io scheduler cfq registered
[    1.592440] pci_hotplug: PCI Hot Plug PCI Core version: 0.5
[    1.593960] pciehp: PCI Express Hot Plug Controller Driver version: 0.4
[    1.595969] ACPI: AC Adapter [AC] (on-line)
[    1.597187] input: Power Button as /devices/LNXSYSTM:00/LNXPWRBN:00/input/input0
[    1.600202] ACPI: Power Button [PWRF]
[    1.602275] input: Sleep Button as /devices/LNXSYSTM:00/LNXSLPBN:00/input/input1
[    1.605121] ACPI: Sleep Button [SLPF]
[    1.607332] GHES: HEST is not enabled!
[    1.609057] ACPI: Battery Slot [BAT0] (battery present)
[    1.620486] Serial: 8250/16550 driver, 32 ports, IRQ sharing enabled
[    1.642939] 00:02: ttyS0 at I/O 0x3f8 (irq = 4, base_baud = 115200) is a 16550A
[    1.650900] Linux agpgart interface v0.103
[    1.657052] loop: module loaded
[    1.659086] scsi host0: ata_piix
[    1.660345] scsi host1: ata_piix
[    1.661489] ata1: PATA max UDMA/33 cmd 0x1f0 ctl 0x3f6 bmdma 0xd000 irq 14
[    1.664486] ata2: PATA max UDMA/33 cmd 0x170 ctl 0x376 bmdma 0xd008 irq 15
[    1.667765] libphy: Fixed MDIO Bus: probed
[    1.669971] tun: Universal TUN/TAP device driver, 1.6
[    1.671866] tun: (C) 1999-2004 Max Krasnyansky <maxk@qualcomm.com>
[    1.676749] PPP generic driver version 2.4.2
[    1.683029] ehci_hcd: USB 2.0 'Enhanced' Host Controller (EHCI) Driver
[    1.686419] ehci-pci: EHCI PCI platform driver
[    1.689317] ehci-platform: EHCI generic platform driver
[    1.691277] ohci_hcd: USB 1.1 'Open' Host Controller (OHCI) Driver
[    1.695158] ohci-pci: OHCI PCI platform driver
[    1.696964] ohci-platform: OHCI generic platform driver
[    1.700219] uhci_hcd: USB Universal Host Controller Interface driver
[    1.702423] i8042: PNP: PS/2 Controller [PNP0303:PS2K,PNP0f03:PS2M] at 0x60,0x64 irq 1,12
[    1.730611] serio: i8042 KBD port at 0x60,0x64 irq 1
[    1.735280] serio: i8042 AUX port at 0x60,0x64 irq 12
[    1.740818] mousedev: PS/2 mouse device common for all mice
[    1.752040] input: AT Translated Set 2 keyboard as /devices/platform/i8042/serio0/input/input2
[    1.760660] rtc_cmos rtc_cmos: rtc core: registered rtc_cmos as rtc0
[    1.760741] rtc_cmos rtc_cmos: alarms up to one day, 114 bytes nvram
[    1.760755] i2c /dev entries driver
[    1.760826] device-mapper: uevent: version 1.0.3
[    1.761006] device-mapper: ioctl: 4.34.0-ioctl (2015-10-28) initialised: dm-devel@redhat.com
[    1.761031] ledtrig-cpu: registered to indicate activity on CPUs
[    1.762046] NET: Registered protocol family 10
[    1.762491] NET: Registered protocol family 17
[    1.762516] Key type dns_resolver registered
[    1.763463] registered taskstats version 1
[    1.763478] Loading compiled-in X.509 certificates
[    1.764758] Loaded X.509 cert 'Build time autogenerated kernel key: cf00e047681d67edb2720680708b7d9498083038'
[    1.764791] zswap: loaded using pool lzo/zbud
[    1.768775] Key type trusted registered
[    1.775423] Key type encrypted registered
[    1.775432] AppArmor: AppArmor sha1 policy hashing enabled
[    1.775435] ima: No TPM chip found, activating TPM-bypass!
[    1.775476] ima: Allocated hash algorithm: sha1
[    1.775495] evm: HMAC attrs: 0x1
[    1.777252]   Magic number: 2:206:987
[    1.777256] machinecheck machinecheck0: hash matches
[    1.782633] rtc_cmos rtc_cmos: setting system clock to 2022-04-20 12:57:57 UTC (1650459477)
[    1.783105] BIOS EDD facility v0.16 2004-Jun-25, 0 devices found
[    1.783105] EDD information not available.
[    1.927312] Freeing unused kernel memory: 1492K
[    1.939969] Write protecting the kernel read-only data: 14336k
[    1.949767] Freeing unused kernel memory: 1584K
[    1.953850] Freeing unused kernel memory: 52K
Loading, please wait...
starting version 229
[    1.993507] random: systemd-udevd: uninitialized urandom read (16 bytes read, 3 bits of entropy available)
[    1.994100] random: udevadm: uninitialized urandom read (16 bytes read, 3 bits of entropy available)
[    1.994176] random: udevadm: uninitialized urandom read (16 bytes read, 3 bits of entropy available)
[    2.005353] random: udevadm: uninitialized urandom read (16 bytes read, 3 bits of entropy available)
[    2.005399] random: udevadm: uninitialized urandom read (16 bytes read, 3 bits of entropy available)
[    2.005528] random: udevadm: uninitialized urandom read (16 bytes read, 3 bits of entropy available)
[    2.005577] random: udevadm: uninitialized urandom read (16 bytes read, 3 bits of entropy available)
[    2.005625] random: udevadm: uninitialized urandom read (16 bytes read, 3 bits of entropy available)
[    2.005672] random: udevadm: uninitialized urandom read (16 bytes read, 3 bits of entropy available)
[    2.005806] random: udevadm: uninitialized urandom read (16 bytes read, 3 bits of entropy available)
[    2.101448] e1000: Intel(R) PRO/1000 Network Driver - version 7.3.21-k8-NAPI
[    2.105562] e1000: Copyright (c) 1999-2006 Intel Corporation.
[    2.115138] Fusion MPT base driver 3.04.20
[    2.116726] Copyright (c) 1999-2008 LSI Corporation
[    2.125715] Fusion MPT SPI Host driver 3.04.20
[    2.139084] AVX2 version of gcm_enc/dec engaged.
[    2.141471] AES CTR mode by8 optimization enabled
[    2.315446] input: ImExPS/2 Generic Explorer Mouse as /devices/platform/i8042/serio1/input/input4
[    2.607474] e1000 0000:00:03.0 eth0: (PCI:33MHz:32-bit) 02:be:82:6b:cc:1d
[    2.613419] e1000 0000:00:03.0 eth0: Intel(R) PRO/1000 Network Connection
[    2.616237] mptbase: ioc0: Initiating bringup
[    3.185025] ioc0: LSI53C1030 A0: Capabilities={Initiator}
[    5.054095] scsi host2: ioc0: LSI53C1030 A0, FwRev=00000000h, Ports=1, MaxQ=256, IRQ=20
[    6.640568] scsi 2:0:0:0: Direct-Access     VBOX     HARDDISK         1.0  PQ: 0 ANSI: 5
[    6.646712] scsi target2:0:0: Beginning Domain Validation
[    6.652066] scsi target2:0:0: Domain Validation skipping write tests
[    6.654265] scsi target2:0:0: Ending Domain Validation
[    6.655985] scsi target2:0:0: asynchronous
[    6.658210] scsi 2:0:1:0: Direct-Access     VBOX     HARDDISK         1.0  PQ: 0 ANSI: 5
[    6.661703] scsi target2:0:1: Beginning Domain Validation
[    6.666217] scsi target2:0:1: Domain Validation skipping write tests
[    6.668762] scsi target2:0:1: Ending Domain Validation
[    6.689894] scsi target2:0:1: asynchronous
[    6.708635] sd 2:0:0:0: Attached scsi generic sg0 type 0
[    6.711666] sd 2:0:0:0: [sda] 83886080 512-byte logical blocks: (42.9 GB/40.0 GiB)
[    6.714685] sd 2:0:1:0: Attached scsi generic sg1 type 0
[    6.716083] sd 2:0:1:0: [sdb] 20480 512-byte logical blocks: (10.5 MB/10.0 MiB)
[    6.719869] sd 2:0:0:0: [sda] Write Protect is off
[    6.721527] sd 2:0:1:0: [sdb] Write Protect is off
[    6.723781] sd 2:0:0:0: [sda] Incomplete mode parameter data
[    6.726488] sd 2:0:0:0: [sda] Assuming drive cache: write through
[    6.729646] sd 2:0:1:0: [sdb] Incomplete mode parameter data
[    6.731892] sd 2:0:1:0: [sdb] Assuming drive cache: write through
[    6.736727]  sda: sda1
[    6.738866] sd 2:0:1:0: [sdb] Attached SCSI disk
[    6.740439] sd 2:0:0:0: [sda] Attached SCSI disk
[    7.206105] e1000 0000:00:08.0 eth1: (PCI:33MHz:32-bit) 08:00:27:70:0c:32
[    7.207904] e1000 0000:00:08.0 eth1: Intel(R) PRO/1000 Network Connection
[    7.212098] e1000 0000:00:03.0 enp0s3: renamed from eth0
[    7.228128] e1000 0000:00:08.0 enp0s8: renamed from eth1
Begin: Loading essential drivers ... [    8.588239] md: linear personality registered for level -1
[    8.593889] md: multipath personality registered for level -4
[    8.599799] md: raid0 personality registered for level 0
[    8.605559] md: raid1 personality registered for level 1
[    8.675658] raid6: sse2x1   gen()  9262 MB/s
[    8.743654] raid6: sse2x1   xor()  7236 MB/s
[    8.811641] raid6: sse2x2   gen()  9018 MB/s
[    8.879654] raid6: sse2x2   xor()  7708 MB/s
[    8.947648] raid6: sse2x4   gen() 13360 MB/s
[    9.015613] raid6: sse2x4   xor()  9538 MB/s
[    9.083688] raid6: avx2x1   gen() 15624 MB/s
[    9.151637] raid6: avx2x2   gen() 18150 MB/s
[    9.219642] raid6: avx2x4   gen() 22058 MB/s
[    9.220680] raid6: using algorithm avx2x4 gen() 22058 MB/s
[    9.222122] raid6: using avx2x2 recovery algorithm
[    9.224890] xor: automatically using best checksumming function:
[    9.263592]    avx       : 26810.000 MB/sec
[    9.265621] async_tx: api initialized (async)
[    9.276705] md: raid6 personality registered for level 6
[    9.279032] md: raid5 personality registered for level 5
[    9.280338] md: raid4 personality registered for level 4
[    9.289309] md: raid10 personality registered for level 10
done.
Begin: Running /scripts/init-premount ... done.
Begin: Mounting root file system ... Begin: Running /scripts/local-top ... done.
Begin: Running /scripts/local-premount ... [    9.330578] Btrfs loaded
Scanning for Btrfs filesystems
done.
Warning: fsck not present, so skipping root file system
[    9.371479] EXT4-fs (sda1): mounted filesystem with ordered data mode. Opts: (null)
done.
Begin: Running /scripts/local-bottom ... done.
Begin: Running /scripts/init-bottom ... done.
[    9.553326] systemd[1]: systemd 229 running in system mode. (+PAM +AUDIT +SELINUX +IMA +APPARMOR +SMACK +SYSVINIT +UTMP +LIBCRYPTSETUP +GCRYPT +GNUTLS +ACL +XZ -LZ4 +SECCOMP +BLKID +ELFUTILS +KMOD -IDN)
[    9.566425] systemd[1]: Detected virtualization oracle.
[    9.569091] systemd[1]: Detected architecture x86-64.

Welcome to [1mUbuntu 16.04.7 LTS[0m!

[    9.574994] systemd[1]: Set hostname to <ubuntu-xenial>.
[    9.827647] systemd[1]: Listening on udev Control Socket.
[[0;32m  OK  [0m] Listening on udev Control Socket.
[    9.831001] systemd[1]: Listening on Journal Socket.
[[0;32m  OK  [0m] Listening on Journal Socket.
[    9.834756] systemd[1]: Reached target User and Group Name Lookups.
[[0;32m  OK  [0m] Reached target User and Group Name Lookups.
[    9.849110] systemd[1]: Created slice System Slice.
[[0;32m  OK  [0m] Created slice System Slice.
[    9.876259] systemd[1]: Starting Uncomplicated firewall...
         Starting Uncomplicated firewall...
[    9.889208] systemd[1]: Listening on Device-mapper event daemon FIFOs.
[[0;32m  OK  [0m] Listening on Device-mapper event daemon FIFOs.
[    9.901140] systemd[1]: Reached target System Time Synchronized.
[[0;32m  OK  [0m] Reached target System Time Synchronized.
[    9.920220] systemd[1]: Starting Create list of required static device nodes for the current kernel...
         Starting Create list of required st... nodes for the current kernel...
[    9.932807] systemd[1]: Listening on Journal Socket (/dev/log).
[[0;32m  OK  [0m] Listening on Journal Socket (/dev/log).
[    9.945514] systemd[1]: Starting Set console keymap...
         Starting Set console keymap...
[    9.958797] systemd[1]: Starting Nameserver information manager...
         Starting Nameserver information manager...
[    9.972095] systemd[1]: Created slice User and Session Slice.
[[0;32m  OK  [0m] Created slice User and Session Slice.
[    9.980011] systemd[1]: Reached target Slices.
[[0;32m  OK  [0m] Reached target Slices.
[    9.996416] systemd[1]: Reached target Swap.
[[0;32m  OK  [0m] Reached target Swap.
[   10.005943] systemd[1]: Listening on LVM2 poll daemon socket.
[[0;32m  OK  [0m] Listening on LVM2 poll daemon socket.
[   10.014076] systemd[1]: Started Forward Password Requests to Wall Directory Watch.
[[0;32m  OK  [0m] Started Forward Password Requests to Wall Directory Watch.
[   10.024466] systemd[1]: Listening on Journal Audit Socket.
[[0;32m  OK  [0m] Listening on Journal Audit Socket.
[   10.036029] systemd[1]: Listening on Syslog Socket.
[[0;32m  OK  [0m] Listening on Syslog Socket.
[   10.056082] systemd[1]: Mounting Debug File System...
         Mounting Debug File System...
[   10.062593] systemd[1]: Mounting POSIX Message Queue File System...
         Mounting POSIX Message Queue File System...
[   10.072678] systemd[1]: Starting Journal Service...
         Starting Journal Service...
[   10.080032] systemd[1]: Listening on /dev/initctl Compatibility Named Pipe.
[[0;32m  OK  [0m] Listening on /dev/initctl Compatibility Named Pipe.
[   10.084935] systemd[1]: Set up automount Arbitrary Executable File Formats File System Automount Point.
[[0;32m  OK  [0m] Set up automount Arbitrary Executab...ats File System Automount Point.
[   10.093280] systemd[1]: Created slice system-serial\x2dgetty.slice.
[[0;32m  OK  [0m] Created slice system-serial\x2dgetty.slice.
[   10.097024] systemd[1]: Listening on udev Kernel Socket.
[[0;32m  OK  [0m] Listening on udev Kernel Socket.
[   10.111753] systemd[1]: Starting Load Kernel Modules...
         Starting Load Kernel Modules...
[   10.114167] systemd[1]: Started Trigger resolvconf update for networkd DNS.
[[0;32m  OK  [0m] Started Trigger resolvconf update for networkd DNS.
[   10.116979] systemd[1]: Listening on fsck to fsckd communication Socket.
[[0;32m  OK  [0m] Listening on fsck to fsckd communication Socket.
[   10.121501] systemd[1]: Starting File System Check on Root Device...
         Starting File System Check on Root Device...
[   10.123964] Loading iSCSI transport class v2.0-870.
[   10.125006] systemd[1]: Mounting Huge Pages File System...
         Mounting Huge Pages File System...
[   10.130321] systemd[1]: Listening on LVM2 metadata daemon socket.
[[0;32m  OK  [0m] Listening on LVM2 metadata daemon socket.
[   10.139228] iscsi: registered transport (tcp)
[   10.150906] systemd[1]: Starting Monitoring of LVM2 mirrors, snapshots etc. using dmeventd or progress polling...
         Starting Monitoring of LVM2 mirrors... dmeventd or progress polling...
[   10.163066] systemd[1]: Reached target Encrypted Volumes.
[[0;32m  OK  [0m] Reached target Encrypted Volumes.
[   10.169511] systemd[1]: Mounted Huge Pages File System.
[[0;32m  OK  [0m] Mounted Huge Pages File System.
[   10.179770] systemd[1]: Mounted POSIX Message Queue File System.
[[0;32m  OK  [0m] Mounted POSIX Message Queue File System.
[   10.182441] systemd[1]: Mounted Debug File System.
[[0;32m  OK  [0m] Mounted Debug File System.
[   10.185905] systemd[1]: Started Journal Service.
[[0;32m  OK  [0m] Started Journal Service.
[   10.195469] iscsi: registered transport (iser)
[[0;32m  OK  [0m] Started Uncomplicated firewall.
[[0;32m  OK  [0m] Started Create list of required sta...ce nodes for the current kernel.
[[0;32m  OK  [0m] Started Set console keymap.
[[0;32m  OK  [0m] Started Load Kernel Modules.
[[0;32m  OK  [0m] Started File System Check on Root Device.
[[0;32m  OK  [0m] Started Nameserver information manager.
[[0;32m  OK  [0m] Started LVM2 metadata daemon.
[[0;32m  OK  [0m] Started File System Check Daemon to report status.
         Starting Remount Root and Kernel File Systems...
[   10.236207] EXT4-fs (sda1): re-mounted. Opts: (null)
         Starting Apply Kernel Variables...
         Mounting FUSE Control File System...
         Starting Create Static Device Nodes in /dev...
[[0;32m  OK  [0m] Mounted FUSE Control File System.
[[0;32m  OK  [0m] Started Remount Root and Kernel File Systems.
         Starting Flush Journal to Persistent Storage...
         Starting udev Coldplug all Devices...
         Starting Load/Save Random Seed...
[[0;32m  OK  [0m] Started Apply Kernel Variables.
[[0;32m  OK  [0m] Started Load/Save Random Seed.
[[0;32m  OK  [0m] Started Flush Journal to Persistent Storage.
[[0;32m  OK  [0m] Started Create Static Device Nodes in /dev.
         Starting udev Kernel Device Manager...
[[0;32m  OK  [0m] Started udev Kernel Device Manager.
[[0;32m  OK  [0m] Started udev Coldplug all Devices.
[[0;32m  OK  [0m] Started Dispatch Password Requests to Console Directory Watch.
[[0;32m  OK  [0m] Started Monitoring of LVM2 mirrors,...ng dmeventd or progress polling.
[[0;32m  OK  [0m] Reached target Local File Systems (Pre).
[[0;32m  OK  [0m] Reached target Local File Systems.
         Starting Tell Plymouth To Write Out Runtime Data...
         Starting LSB: AppArmor initialization...
         Starting Create Volatile Files and Directories...
         Starting Set console font and keymap...
         Starting Initial cloud-init job (pre-networking)...
[[0;32m  OK  [0m] Started Tell Plymouth To Write Out Runtime Data.
[[0;32m  OK  [0m] Started Create Volatile Files and Directories.
         Starting Update UTMP about System Boot/Shutdown...
[[0;32m  OK  [0m] Started Update UTMP about System Boot/Shutdown.
[[0;32m  OK  [0m] Found device /dev/ttyS0.
[[0;32m  OK  [0m] Started LSB: AppArmor initialization.
         Starting Load AppArmor profiles managed internally by snapd...
[[0;32m  OK  [0m] Started Load AppArmor profiles managed internally by snapd.
[[0;32m  OK  [0m] Listening on Load/Save RF Kill Switch Status /dev/rfkill Watch.
[[0;32m  OK  [0m] Found device 82540EM Gigabit Ethern...r (PRO/1000 MT Desktop Adapter).
[   12.186190] cloud-init[510]: Cloud-init v. 21.1-19-gbad84ad4-0ubuntu1~16.04.2 running 'init-local' at Wed, 20 Apr 2022 12:58:08 +0000. Up 11.73 seconds.
[[0;32m  OK  [0m] Started Initial cloud-init job (pre-networking).
[[0;32m  OK  [0m] Reached target Network (Pre).
[[0;32m  OK  [0m] Started ifup for enp0s3.
         Starting Raise network interfaces...
[[0;32m  OK  [0m] Started Set console font and keymap.
[[0;32m  OK  [0m] Created slice system-getty.slice.
[[0;32m  OK  [0m] Started Raise network interfaces.
         Starting Initial cloud-init job (metadata service crawler)...
[[0;32m  OK  [0m] Reached target Network.
[   13.082913] cloud-init[1006]: Cloud-init v. 21.1-19-gbad84ad4-0ubuntu1~16.04.2 running 'init' at Wed, 20 Apr 2022 12:58:09 +0000. Up 12.80 seconds.
[   13.085889] cloud-init[1006]: ci-info: ++++++++++++++++++++++++++++++++++++++Net device info+++++++++++++++++++++++++++++++++++++++
[   13.087965] cloud-init[1006]: ci-info: +--------+-------+----------------------------+---------------+--------+-------------------+
[   13.090008] cloud-init[1006]: ci-info: | Device |   Up  |          Address           |      Mask     | Scope  |     Hw-Address    |
[   13.096337] cloud-init[1006]: ci-info: +--------+-------+----------------------------+---------------+--------+-------------------+
[   13.099178] cloud-init[1006]: ci-info: | enp0s3 |  True |         10.0.2.15          | 255.255.255.0 | global | 02:be:82:6b:cc:1d |
[   13.101053] cloud-init[1006]: ci-info: | enp0s3 |  True | fe80::be:82ff:fe6b:cc1d/64 |       .       |  link  | 02:be:82:6b:cc:1d |
[   13.108461] cloud-init[1006]: ci-info: | enp0s8 | False |             .              |       .       |   .    | 08:00:27:70:0c:32 |
[   13.110844] cloud-init[1006]: ci-info: |   lo   |  True |         127.0.0.1          |   255.0.0.0   |  host  |         .         |
[   13.112618] cloud-init[1006]: ci-info: |   lo   |  True |          ::1/128           |       .       |  host  |         .         |
[   13.120351] cloud-init[1006]: ci-info: +--------+-------+----------------------------+---------------+--------+-------------------+
[   13.122208] cloud-init[1006]: ci-info: +++++++++++++++++++++++++++Route IPv4 info++++++++++++++++++++++++++++
[   13.124205] cloud-init[1006]: ci-info: +-------+-------------+----------+---------------+-----------+-------+
[   13.132369] cloud-init[1006]: ci-info: | Route | Destination | Gateway  |    Genmask    | Interface | Flags |
[   13.140341] cloud-init[1006]: ci-info: +-------+-------------+----------+---------------+-----------+-------+
[   13.142099] cloud-init[1006]: ci-info: |   0   |   0.0.0.0   | 10.0.2.2 |    0.0.0.0    |   enp0s3  |   UG  |
[   13.143682] cloud-init[1006]: ci-info: |   1   |   10.0.2.0  | 0.0.0.0  | 255.255.255.0 |   enp0s3  |   U   |
[   13.158333] cloud-init[1006]: ci-info: +-------+-------------+----------+---------------+-----------+-------+
[[0;32m  OK  [0m] Started Initial cloud-init job (metadata service crawler).
[[0;32m  OK  [0m] Reached target System Initialization.
[   13.159906] cloud-init[1006]: ci-info: +++++++++++++++++++Route IPv6 info+++++++++++++++++++
[   13.163516] cloud-init[1006]: ci-info: +-------+-------------+---------+-----------+-------+
[[0;32m  OK  [0m] Started Message of the Day.
[[0;32m  OK  [0m] Started Ubuntu Advantage Timer for running repeated jobs.
[[0;32m  OK  [0m] Listening on D-Bus System Message Bus Socket.
[   13.167813] cloud-init[1006]: ci-info: | Route | Destination | Gateway | Interface | Flags |
[   13.188411] cloud-init[1006]: ci-info: +-------+-------------+---------+-----------+-------+
         Starting LXD - unix socket.
[   13.199440] cloud-init[1006]: ci-info: |   0   |  fe80::/64  |    ::   |   enp0s3  |   U   |
[   13.201334] cloud-init[1006]: ci-info: |   3   |   ff00::/8  |    ::   |   enp0s3  |   U   |
[   13.202663] cloud-init[1006]: ci-info: +-------+-------------+---------+-----------+-------+
[[0;32m  OK  [0m] Started Daily Cleanup of Temporary Directories.
[[0;32m  OK  [0m] Started ACPI Events Check.
[[0;32m  OK  [0m] Started Trigger to poll for Ubuntu ...nly enabled on GCP LTS non-pro).
[[0;32m  OK  [0m] Reached target Paths.
[[0;32m  OK  [0m] Started Daily apt download activities.
         Starting Socket activation for snappy daemon.
[[0;32m  OK  [0m] Listening on ACPID Listen Socket.
[[0;32m  OK  [0m] Started Daily apt upgrade and clean activities.
[[0;32m  OK  [0m] Reached target Timers.
[[0;32m  OK  [0m] Listening on UUID daemon activation socket.
[[0;32m  OK  [0m] Reached target Network is Online.
         Starting iSCSI initiator daemon (iscsid)...
[[0;32m  OK  [0m] Reached target Cloud-config availability.
[[0;32m  OK  [0m] Listening on LXD - unix socket.
[[0;32m  OK  [0m] Listening on Socket activation for snappy daemon.
[[0;32m  OK  [0m] Reached target Sockets.
[[0;32m  OK  [0m] Reached target Basic System.
         Starting LSB: Record successful boot for GRUB...
         Starting System Logging Service...
[[0;32m  OK  [0m] Started FUSE filesystem for LXC.
[[0;32m  OK  [0m] Started D-Bus System Message Bus.
[[0;32m  OK  [0m] Started ACPI event daemon.
         Starting /etc/rc.local Compatibility...
         Starting A high performance web server and a reverse proxy server...
         Starting LSB: MD monitoring daemon...
[[0;32m  OK  [0m] Started Deferred execution scheduler.
         Starting Virtualbox guest utils...
         Starting Snap Daemon...
[[0;32m  OK  [0m] Started Regular background program processing daemon.
         Starting Login Service...
         Starting Accounts Service...
         Starting OpenBSD Secure Shell server...
         Starting LXD - container startup/shutdown...
[[0;32m  OK  [0m] Started System Logging Service.
[[0;32m  OK  [0m] Started iSCSI initiator daemon (iscsid).
[[0;32m  OK  [0m] Started /etc/rc.local Compatibility.
[[0;32m  OK  [0m] Started Login Service.
[[0;32m  OK  [0m] Started Unattended Upgrades Shutdown.
         Starting Login to default iSCSI targets...
[[0;32m  OK  [0m] Started LSB: MD monitoring daemon.
[[0;32m  OK  [0m] Started Login to default iSCSI targets.
[[0;32m  OK  [0m] Reached target Remote File Systems (Pre).
         Mounting /vagrant...
[[0;32m  OK  [0m] Started OpenBSD Secure Shell server.
[[0;32m  OK  [0m] Started LSB: Record successful boot for GRUB.
[[0;1;31mFAILED[0m] Failed to mount /vagrant.
See 'systemctl status vagrant.mount' for details.
[[0;1;33mDEPEND[0m] Dependency failed for Remote File Systems.
         Starting Authenticate and Authorize Users to Run Privileged Tasks...
         Starting LSB: daemon to balance interrupts for SMP systems...
         Starting LSB: Set the CPU Frequency Scaling governor to "ondemand"...
         Starting Permit User Sessions...
         Starting LSB: automatic crash report generation...
[[0;32m  OK  [0m] Started Permit User Sessions.
         Starting Hold until boot process finishes up...
         Starting Terminate Plymouth Boot Screen...
[[0;32m  OK  [0m] Started A high performance web server and a reverse proxy server.
[[0;32m  OK  [0m] Started Hold until boot process finishes up.
         Starting Set console scheme...
[[0;32m  OK  [0m] Started Getty on tty1.
[[0;32m  OK  [0m] Started Serial Getty on ttyS0.
[[0;32m  OK  [0m] Reached target Login Prompts.
[[0;32m  OK  [0m] Started LSB: Set the CPU Frequency Scaling governor to "ondemand".
[[0;32m  OK  [0m] Started Set console scheme.
[[0;32m  OK  [0m] Started Virtualbox guest utils.
[[0;32m  OK  [0m] Started Authenticate and Authorize Users to Run Privileged Tasks.
[[0;32m  OK  [0m] Started Terminate Plymouth Boot Screen.
[[0;32m  OK  [0m] Started Accounts Service.
[[0;32m  OK  [0m] Started LSB: daemon to balance interrupts for SMP systems.
[[0;32m  OK  [0m] Started LXD - container startup/shutdown.
[[0;32m  OK  [0m] Started LSB: automatic crash report generation.
[[0;32m  OK  [0m] Started Snap Daemon.
         Starting Wait until snapd is fully seeded...
[[0;32m  OK  [0m] Started Wait until snapd is fully seeded.
         Starting Apply the settings specified in cloud-config...
[[0;32m  OK  [0m] Reached target Multi-User System.
[[0;32m  OK  [0m] Reached target Graphical Interface.
         Starting Update UTMP about System Runlevel Changes...
[[0;32m  OK  [0m] Started Update UTMP about System Runlevel Changes.
[   16.358730] cloud-init[1274]: Cloud-init v. 21.1-19-gbad84ad4-0ubuntu1~16.04.2 running 'modules:config' at Wed, 20 Apr 2022 12:58:12 +0000. Up 16.24 seconds.
[[0;32m  OK  [0m] Started Apply the settings specified in cloud-config.
         Starting Execute cloud user/final scripts...
[   16.795895] cloud-init[1287]: Cloud-init v. 21.1-19-gbad84ad4-0ubuntu1~16.04.2 running 'modules:final' at Wed, 20 Apr 2022 12:58:13 +0000. Up 16.68 seconds.
[   16.800785] cloud-init[1287]: Cloud-init v. 21.1-19-gbad84ad4-0ubuntu1~16.04.2 finished at Wed, 20 Apr 2022 12:58:13 +0000. Datasource DataSourceNoCloud [seed=/dev/sdb][dsmode=net].  Up 16.78 seconds
[[0;32m  OK  [0m] Started Execute cloud user/final scripts.
[[0;32m  OK  [0m] Reached target Cloud-init target.

Ubuntu 16.04.7 LTS ubuntu-xenial ttyS0

ubuntu-xenial login: 